Component: ARM Compiler 5.06 update 6 (build 750) Tool: armlink [4d35ed]

==============================================================================

Section Cross References

    main.o(i.main) refers to bsp_usart.o(i.USART_Config) for USART_Config
    main.o(i.main) refers to printfa.o(i.__0printf) for __2printf
    main.o(i.main) refers to sht3x.o(i.SHT3X_Init) for SHT3X_Init
    main.o(i.main) refers to sht3x.o(i.DelayMicroSeconds) for DelayMicroSeconds
    main.o(i.main) refers to sht3x.o(i.SHT3x_ReadSerialNumber) for SHT3x_ReadSerialNumber
    main.o(i.main) refers to sht3x.o(i.SHT3X_ReadStatus) for SHT3X_ReadStatus
    main.o(i.main) refers to sht3x.o(i.SHT3X_SetAlertLimits) for SHT3X_SetAlertLimits
    main.o(i.main) refers to sht3x.o(i.SHT3X_ClearAllAlertFlags) for SHT3X_ClearAllAlertFlags
    main.o(i.main) refers to sht3x.o(i.SHT3X_StartPeriodicMeasurment) for SHT3X_StartPeriodicMeasurment
    main.o(i.main) refers to sht3x.o(i.SHT3X_GetTempAndHumi) for SHT3X_GetTempAndHumi
    main.o(i.main) refers to sht3x.o(i.SHT3X_ReadMeasurementBuffer) for SHT3X_ReadMeasurementBuffer
    main.o(i.main) refers to f2d.o(.text) for __aeabi_f2d
    main.o(i.main) refers to sht3x.o(i.SHT3X_SoftReset) for SHT3X_SoftReset
    main.o(i.main) refers to sht3x.o(i.SHT3X_HardReset) for SHT3X_HardReset
    bsp_usart.o(i.NVIC_Configuration) refers to hk32f030m_misc.o(i.NVIC_Init) for NVIC_Init
    bsp_usart.o(i.USART_Config) refers to hk32f030m_rcc.o(i.RCC_AHBPeriphClockCmd) for RCC_AHBPeriphClockCmd
    bsp_usart.o(i.USART_Config) refers to hk32f030m_rcc.o(i.RCC_APB2PeriphClockCmd) for RCC_APB2PeriphClockCmd
    bsp_usart.o(i.USART_Config) refers to hk32f030m_gpio.o(i.GPIO_PinAFConfig) for GPIO_PinAFConfig
    bsp_usart.o(i.USART_Config) refers to hk32f030m_gpio.o(i.GPIO_Init) for GPIO_Init
    bsp_usart.o(i.USART_Config) refers to hk32f030m_usart.o(i.USART_Init) for USART_Init
    bsp_usart.o(i.USART_Config) refers to hk32f030m_usart.o(i.USART_Cmd) for USART_Cmd
    bsp_usart.o(i.Usart_SendArray) refers to bsp_usart.o(i.Usart_SendByte) for Usart_SendByte
    bsp_usart.o(i.Usart_SendArray) refers to hk32f030m_usart.o(i.USART_GetFlagStatus) for USART_GetFlagStatus
    bsp_usart.o(i.Usart_SendByte) refers to hk32f030m_usart.o(i.USART_SendData) for USART_SendData
    bsp_usart.o(i.Usart_SendByte) refers to hk32f030m_usart.o(i.USART_GetFlagStatus) for USART_GetFlagStatus
    bsp_usart.o(i.Usart_SendHalfWord) refers to hk32f030m_usart.o(i.USART_SendData) for USART_SendData
    bsp_usart.o(i.Usart_SendHalfWord) refers to hk32f030m_usart.o(i.USART_GetFlagStatus) for USART_GetFlagStatus
    bsp_usart.o(i.Usart_SendString) refers to bsp_usart.o(i.Usart_SendByte) for Usart_SendByte
    bsp_usart.o(i.Usart_SendString) refers to hk32f030m_usart.o(i.USART_GetFlagStatus) for USART_GetFlagStatus
    bsp_usart.o(i.fgetc) refers to hk32f030m_usart.o(i.USART_GetFlagStatus) for USART_GetFlagStatus
    bsp_usart.o(i.fgetc) refers to hk32f030m_usart.o(i.USART_ReceiveData) for USART_ReceiveData
    bsp_usart.o(i.fputc) refers to hk32f030m_usart.o(i.USART_SendData) for USART_SendData
    bsp_usart.o(i.fputc) refers to hk32f030m_usart.o(i.USART_GetFlagStatus) for USART_GetFlagStatus
    bsp_led.o(i.LED_GPIO_Config) refers to hk32f030m_rcc.o(i.RCC_AHBPeriphClockCmd) for RCC_AHBPeriphClockCmd
    bsp_led.o(i.LED_GPIO_Config) refers to hk32f030m_gpio.o(i.GPIO_Init) for GPIO_Init
    bsp_led.o(i.LED_GPIO_Config) refers to hk32f030m_gpio.o(i.GPIO_SetBits) for GPIO_SetBits
    sht3x.o(i.I2c_GeneralCallReset) refers to sht3x.o(i.I2c_StartCondition) for I2c_StartCondition
    sht3x.o(i.I2c_GeneralCallReset) refers to sht3x.o(i.I2c_WriteByte) for I2c_WriteByte
    sht3x.o(i.I2c_ReadByte) refers to sht3x.o(i.Sf_SDA_IN) for Sf_SDA_IN
    sht3x.o(i.I2c_ReadByte) refers to hk32f030m_gpio.o(i.GPIO_ResetBits) for GPIO_ResetBits
    sht3x.o(i.I2c_ReadByte) refers to sht3x.o(i.DelayMicroSeconds) for DelayMicroSeconds
    sht3x.o(i.I2c_ReadByte) refers to hk32f030m_gpio.o(i.GPIO_SetBits) for GPIO_SetBits
    sht3x.o(i.I2c_ReadByte) refers to sht3x.o(i.Sf_SDA_READ) for Sf_SDA_READ
    sht3x.o(i.I2c_ReadByte) refers to sht3x.o(i.Sf_SDA_OUT) for Sf_SDA_OUT
    sht3x.o(i.I2c_StartCondition) refers to hk32f030m_gpio.o(i.GPIO_SetBits) for GPIO_SetBits
    sht3x.o(i.I2c_StartCondition) refers to sht3x.o(i.Sf_SDA_OUT) for Sf_SDA_OUT
    sht3x.o(i.I2c_StartCondition) refers to sht3x.o(i.DelayMicroSeconds) for DelayMicroSeconds
    sht3x.o(i.I2c_StartCondition) refers to hk32f030m_gpio.o(i.GPIO_ResetBits) for GPIO_ResetBits
    sht3x.o(i.I2c_StopCondition) refers to sht3x.o(i.Sf_SDA_OUT) for Sf_SDA_OUT
    sht3x.o(i.I2c_StopCondition) refers to hk32f030m_gpio.o(i.GPIO_ResetBits) for GPIO_ResetBits
    sht3x.o(i.I2c_StopCondition) refers to sht3x.o(i.DelayMicroSeconds) for DelayMicroSeconds
    sht3x.o(i.I2c_StopCondition) refers to hk32f030m_gpio.o(i.GPIO_SetBits) for GPIO_SetBits
    sht3x.o(i.I2c_WriteByte) refers to sht3x.o(i.Sf_SDA_OUT) for Sf_SDA_OUT
[...]
    printf6.o(i.__0vfprintf$6) refers to printf6.o(i._printf_core) for _printf_core
    printf6.o(i.__0vfprintf$6) refers to bsp_usart.o(i.fputc) for fputc
    printf6.o(i.__0vprintf$6) refers to printf6.o(i._printf_core) for _printf_core
    printf6.o(i.__0vprintf$6) refers to bsp_usart.o(i.fputc) for fputc
    printf6.o(i.__0vprintf$6) refers to stdout.o(.data) for __stdout
    printf6.o(i.__0vsnprintf$6) refers to printf6.o(i._printf_core) for _printf_core
    printf6.o(i.__0vsnprintf$6) refers to printf6.o(i._snputc) for _snputc
    printf6.o(i.__0vsprintf$6) refers to printf6.o(i._printf_core) for _printf_core
    printf6.o(i.__0vsprintf$6) refers to printf6.o(i._sputc) for _sputc
    printf6.o(i._printf_core) refers to printf6.o(i._printf_pre_padding) for _printf_pre_padding
    printf6.o(i._printf_core) refers to printf6.o(i._printf_post_padding) for _printf_post_padding
    printf6.o(i._printf_core) refers to uidiv.o(.text) for __aeabi_uidivmod
    printf7.o(i.__0fprintf$7) refers to printf7.o(i._printf_core) for _printf_core
    printf7.o(i.__0fprintf$7) refers to bsp_usart.o(i.fputc) for fputc
    printf7.o(i.__0printf$7) refers to printf7.o(i._printf_core) for _printf_core
    printf7.o(i.__0printf$7) refers to bsp_usart.o(i.fputc) for fputc
    printf7.o(i.__0printf$7) refers to stdout.o(.data) for __stdout
    printf7.o(i.__0snprintf$7) refers to printf7.o(i._printf_core) for _printf_core
    printf7.o(i.__0snprintf$7) refers to printf7.o(i._snputc) for _snputc
    printf7.o(i.__0sprintf$7) refers to printf7.o(i._printf_core) for _printf_core
    printf7.o(i.__0sprintf$7) refers to printf7.o(i._sputc) for _sputc
    printf7.o(i.__0vfprintf$7) refers to printf7.o(i._printf_core) for _printf_core
    printf7.o(i.__0vfprintf$7) refers to bsp_usart.o(i.fputc) for fputc
    printf7.o(i.__0vprintf$7) refers to printf7.o(i._printf_core) for _printf_core
    printf7.o(i.__0vprintf$7) refers to bsp_usart.o(i.fputc) for fputc
    printf7.o(i.__0vprintf$7) refers to stdout.o(.data) for __stdout
    printf7.o(i.__0vsnprintf$7) refers to printf7.o(i._printf_core) for _printf_core
    printf7.o(i.__0vsnprintf$7) refers to printf7.o(i._snputc) for _snputc
    printf7.o(i.__0vsprintf$7) refers to printf7.o(i._printf_core) for _printf_core
    printf7.o(i.__0vsprintf$7) refers to printf7.o(i._sputc) for _sputc
    printf7.o(i._printf_core) refers to printf7.o(i._printf_pre_padding) for _printf_pre_padding
    printf7.o(i._printf_core) refers to printf7.o(i._printf_post_padding) for _printf_post_padding
    printf7.o(i._printf_core) refers to uldiv.o(.text) for __aeabi_uldivmod
    printf8.o(i.__0fprintf$8) refers to printf8.o(i._printf_core) for _printf_core
    printf8.o(i.__0fprintf$8) refers to bsp_usart.o(i.fputc) for fputc
    printf8.o(i.__0printf$8) refers to printf8.o(i._printf_core) for _printf_core
    printf8.o(i.__0printf$8) refers to bsp_usart.o(i.fputc) for fputc
    printf8.o(i.__0printf$8) refers to stdout.o(.data) for __stdout
    printf8.o(i.__0snprintf$8) refers to printf8.o(i._printf_core) for _printf_core
    printf8.o(i.__0snprintf$8) refers to printf8.o(i._snputc) for _snputc
    printf8.o(i.__0sprintf$8) refers to printf8.o(i._printf_core) for _printf_core
    printf8.o(i.__0sprintf$8) refers to printf8.o(i._sputc) for _sputc
    printf8.o(i.__0vfprintf$8) refers to printf8.o(i._printf_core) for _printf_core
    printf8.o(i.__0vfprintf$8) refers to bsp_usart.o(i.fputc) for fputc
    printf8.o(i.__0vprintf$8) refers to printf8.o(i._printf_core) for _printf_core
    printf8.o(i.__0vprintf$8) refers to bsp_usart.o(i.fputc) for fputc
    printf8.o(i.__0vprintf$8) refers to stdout.o(.data) for __stdout
    printf8.o(i.__0vsnprintf$8) refers to printf8.o(i._printf_core) for _printf_core
    printf8.o(i.__0vsnprintf$8) refers to printf8.o(i._snputc) for _snputc
    printf8.o(i.__0vsprintf$8) refers to printf8.o(i._printf_core) for _printf_core
    printf8.o(i.__0vsprintf$8) refers to printf8.o(i._sputc) for _sputc
    printf8.o(i._printf_core) refers to printf8.o(i._printf_pre_padding) for _printf_pre_padding
    printf8.o(i._printf_core) refers to printf8.o(i._printf_post_padding) for _printf_post_padding
    printf8.o(i._printf_core) refers to uldiv.o(.text) for __aeabi_uldivmod
    printfa.o(i.__0fprintf) refers (Special) to iusefp.o(.text) for __I$use$fp
    printfa.o(i.__0fprintf) refers to printfa.o(i._printf_core) for _printf_core
    printfa.o(i.__0fprintf) refers to bsp_usart.o(i.fputc) for fputc
    printfa.o(i.__0printf) refers (Special) to iusefp.o(.text) for __I$use$fp
    printfa.o(i.__0printf) refers to printfa.o(i._printf_core) for _printf_core
    printfa.o(i.__0printf) refers to bsp_usart.o(i.fputc) for fputc
    printfa.o(i.__0printf) refers to stdout.o(.data) for __stdout
    printfa.o(i.__0snprintf) refers (Special) to iusefp.o(.text) for __I$use$fp
    printfa.o(i.__0snprintf) refers to printfa.o(i._printf_core) for _printf_core
    printfa.o(i.__0snprintf) refers to printfa.o(i._snputc) for _snputc
    printfa.o(i.__0sprintf) refers (Special) to iusefp.o(.text) for __I$use$fp
    printfa.o(i.__0sprintf) refers to printfa.o(i._printf_core) for _printf_core
    printfa.o(i.__0sprintf) refers to printfa.o(i._sputc) for _sputc
    printfa.o(i.__0vfprintf) refers (Special) to iusefp.o(.text) for __I$use$fp
    printfa.o(i.__0vfprintf) refers to printfa.o(i._printf_core) for _printf_core
    printfa.o(i.__0vfprintf) refers to bsp_usart.o(i.fputc) for fputc
    printfa.o(i.__0vprintf) refers (Special) to iusefp.o(.text) for __I$use$fp
    printfa.o(i.__0vprintf) refers to printfa.o(i._printf_core) for _printf_core
    printfa.o(i.__0vprintf) refers to bsp_usart.o(i.fputc) for fputc
    printfa.o(i.__0vprintf) refers to stdout.o(.data) for __stdout
    printfa.o(i.__0vsnprintf) refers (Special) to iusefp.o(.text) for __I$use$fp
    printfa.o(i.__0vsnprintf) refers to printfa.o(i._printf_core) for _printf_core
    printfa.o(i.__0vsnprintf) refers to printfa.o(i._snputc) for _snputc
    printfa.o(i.__0vsprintf) refers (Special) to iusefp.o(.text) for __I$use$fp
    printfa.o(i.__0vsprintf) refers to printfa.o(i._printf_core) for _printf_core
    printfa.o(i.__0vsprintf) refers to printfa.o(i._sputc) for _sputc
    printfa.o(i._fp_digits) refers (Special) to iusefp.o(.text) for __I$use$fp
    printfa.o(i._fp_digits) refers to dmul.o(.text) for __aeabi_dmul
    printfa.o(i._fp_digits) refers to ddiv.o(.text) for __aeabi_ddiv
    printfa.o(i._fp_digits) refers to cdrcmple.o(.text) for __aeabi_cdrcmple
    printfa.o(i._fp_digits) refers to dadd.o(.text) for __aeabi_dadd
    printfa.o(i._fp_digits) refers to dfixul.o(.text) for __aeabi_d2ulz
    printfa.o(i._fp_digits) refers to uldiv.o(.text) for __aeabi_uldivmod
    printfa.o(i._printf_core) refers (Special) to iusefp.o(.text) for __I$use$fp
    printfa.o(i._printf_core) refers to printfa.o(i._printf_pre_padding) for _printf_pre_padding
    printfa.o(i._printf_core) refers to uldiv.o(.text) for __aeabi_uldivmod
    printfa.o(i._printf_core) refers to printfa.o(i._printf_post_padding) for _printf_post_padding
    printfa.o(i._printf_core) refers to printfa.o(i._fp_digits) for _fp_digits
    printfa.o(i._printf_core) refers to uidiv.o(.text) for __aeabi_uidivmod
    printfa.o(i._printf_post_padding) refers (Special) to iusefp.o(.text) for __I$use$fp
    printfa.o(i._printf_pre_padding) refers (Special) to iusefp.o(.text) for __I$use$fp
    printfa.o(i._snputc) refers (Special) to iusefp.o(.text) for __I$use$fp
    printfa.o(i._sputc) refers (Special) to iusefp.o(.text) for __I$use$fp
    fadd.o(.text) refers (Special) to iusefp.o(.text) for __I$use$fp
    fadd.o(.text) refers to fepilogue.o(.text) for _float_epilogue
    fmul.o(.text) refers (Special) to iusefp.o(.text) for __I$use$fp
    fdiv.o(.text) refers (Special) to iusefp.o(.text) for __I$use$fp
    fdiv.o(.text) refers to fepilogue.o(.text) for _float_round
    ffltui.o(.text) refers (Special) to iusefp.o(.text) for __I$use$fp
    ffltui.o(.text) refers to fepilogue.o(.text) for _float_epilogue
    ffixui.o(.text) refers (Special) to iusefp.o(.text) for __I$use$fp
    f2d.o(.text) refers (Special) to iusefp.o(.text) for __I$use$fp
    cfcmple.o(.text) refers (Special) to iusefp.o(.text) for __I$use$fp
    cfrcmple.o(.text) refers (Special) to iusefp.o(.text) for __I$use$fp
    entry2.o(.ARM.Collect$$$$00000001) refers to entry2.o(.ARM.Collect$$$$00002712) for __lit__00000000
    entry2.o(.ARM.Collect$$$$00002712) refers to keil_startup_hk32f030m.o(STACK) for __initial_sp
    entry2.o(__vectab_stack_and_reset_area) refers to keil_startup_hk32f030m.o(STACK) for __initial_sp
    entry2.o(__vectab_stack_and_reset_area) refers to entry.o(.ARM.Collect$$$$00000000) for __main
    entry5.o(.ARM.Collect$$$$00000004) refers to init.o(.text) for __scatterload
    entry9a.o(.ARM.Collect$$$$0000000B) refers to main.o(i.main) for main
    entry9b.o(.ARM.Collect$$$$0000000C) refers to main.o(i.main) for main
    uldiv.o(.text) refers to llushr.o(.text) for __aeabi_llsr
    uldiv.o(.text) refers to llshl.o(.text) for __aeabi_llsl
    dadd.o(.text) refers to llshl.o(.text) for __aeabi_llsl
    dadd.o(.text) refers to llsshr.o(.text) for __aeabi_lasr
    dadd.o(.text) refers to depilogue.o(.text) for _double_epilogue
    dmul.o(.text) refers to depilogue.o(.text) for _double_epilogue
    ddiv.o(.text) refers to depilogue.o(.text) for _double_round
    dfixul.o(.text) refers to llushr.o(.text) for __aeabi_llsr
    dfixul.o(.text) refers to llshl.o(.text) for __aeabi_llsl
    init.o(.text) refers to entry5.o(.ARM.Collect$$$$00000004) for __main_after_scatterload
    depilogue.o(.text) refers to depilogue.o(i.__ARM_clz) for __ARM_clz
    depilogue.o(.text) refers to llshl.o(.text) for __aeabi_llsl
    depilogue.o(.text) refers to llushr.o(.text) for __aeabi_llsr


==============================================================================

Removing Unused input sections from the image.

    Removing hk32f030m_it.o(.rev16_text), (4 bytes).
    Removing hk32f030m_it.o(.revsh_text), (4 bytes).
    Removing main.o(.rev16_text), (4 bytes).
    Removing main.o(.revsh_text), (4 bytes).
    Removing bsp_usart.o(.rev16_text), (4 bytes).
    Removing bsp_usart.o(.revsh_text), (4 bytes).
    Removing bsp_usart.o(i.NVIC_Configuration), (20 bytes).
    Removing bsp_usart.o(i.Usart_SendArray), (44 bytes).
    Removing bsp_usart.o(i.Usart_SendByte), (30 bytes).
    Removing bsp_usart.o(i.Usart_SendHalfWord), (62 bytes).
    Removing bsp_usart.o(i.Usart_SendString), (42 bytes).
    Removing bsp_usart.o(i.fgetc), (32 bytes).
    Removing bsp_led.o(.rev16_text), (4 bytes).
    Removing bsp_led.o(.revsh_text), (4 bytes).
    Removing bsp_led.o(i.LED_GPIO_Config), (100 bytes).
    Removing sht3x.o(.rev16_text), (4 bytes).
    Removing sht3x.o(.revsh_text), (4 bytes).
    Removing sht3x.o(i.I2c_GeneralCallReset), (30 bytes).
    Removing sht3x.o(i.SHT3X_DisableHeater), (32 bytes).
    Removing sht3x.o(i.SHT3X_EnableHeater), (32 bytes).
    Removing sht3x.o(i.SHT3X_GetAlertLimits), (224 bytes).
    Removing sht3x.o(i.SHT3X_ReadAlert), (24 bytes).
    Removing sht3x.o(i.SHT3X_ReadAlertLimitData), (58 bytes).
    Removing sht3x.o(i.Sf_SCL_READ), (16 bytes).
    Removing hk32f030m_adc.o(.rev16_text), (4 bytes).
    Removing hk32f030m_adc.o(.revsh_text), (4 bytes).
    Removing hk32f030m_adc.o(i.ADC_AWDWakeup_Cmd), (50 bytes).
    Removing hk32f030m_adc.o(i.ADC_AnalogWatchdogCmd), (28 bytes).
    Removing hk32f030m_adc.o(i.ADC_AnalogWatchdogSingleChannelCmd), (28 bytes).
    Removing hk32f030m_adc.o(i.ADC_AnalogWatchdogSingleChannelConfig), (28 bytes).
    Removing hk32f030m_adc.o(i.ADC_AnalogWatchdogThresholdsConfig), (8 bytes).
    Removing hk32f030m_adc.o(i.ADC_AutoPowerOffCmd), (28 bytes).
    Removing hk32f030m_adc.o(i.ADC_ChannelConfig), (24 bytes).
    Removing hk32f030m_adc.o(i.ADC_ClearFlag), (4 bytes).
    Removing hk32f030m_adc.o(i.ADC_ClearITPendingBit), (4 bytes).
    Removing hk32f030m_adc.o(i.ADC_ClockModeConfig), (4 bytes).
    Removing hk32f030m_adc.o(i.ADC_Cmd), (24 bytes).
    Removing hk32f030m_adc.o(i.ADC_ContinuousModeCmd), (28 bytes).
    Removing hk32f030m_adc.o(i.ADC_DeInit), (32 bytes).
    Removing hk32f030m_adc.o(i.ADC_Diff_Func), (48 bytes).
    Removing hk32f030m_adc.o(i.ADC_DiscModeCmd), (28 bytes).
    Removing hk32f030m_adc.o(i.ADC_GetCalibrationFactor), (60 bytes).
    Removing hk32f030m_adc.o(i.ADC_GetConversionValue), (8 bytes).
    Removing hk32f030m_adc.o(i.ADC_GetFlagStatus), (48 bytes).
    Removing hk32f030m_adc.o(i.ADC_GetITStatus), (34 bytes).
    Removing hk32f030m_adc.o(i.ADC_ITConfig), (20 bytes).
    Removing hk32f030m_adc.o(i.ADC_Init), (40 bytes).
    Removing hk32f030m_adc.o(i.ADC_InterDelay_Func), (48 bytes).
    Removing hk32f030m_adc.o(i.ADC_JitterCmd), (20 bytes).
    Removing hk32f030m_adc.o(i.ADC_OverrunModeCmd), (28 bytes).
    Removing hk32f030m_adc.o(i.ADC_StartOfConversion), (10 bytes).
    Removing hk32f030m_adc.o(i.ADC_StopOfConversion), (10 bytes).
    Removing hk32f030m_adc.o(i.ADC_StructInit), (14 bytes).
    Removing hk32f030m_adc.o(i.ADC_VrefintCmd), (52 bytes).
    Removing hk32f030m_adc.o(i.ADC_WaitModeCmd), (28 bytes).
    Removing hk32f030m_awu.o(.rev16_text), (4 bytes).
    Removing hk32f030m_awu.o(.revsh_text), (4 bytes).
    Removing hk32f030m_awu.o(i.AWU_CLKConfig), (36 bytes).
    Removing hk32f030m_awu.o(i.AWU_DeInit), (16 bytes).
    Removing hk32f030m_awu.o(i.AWU_GetFlagStatus), (16 bytes).
    Removing hk32f030m_awu.o(i.AWU_TimerCounterAndStart), (76 bytes).
    Removing hk32f030m_beep.o(.rev16_text), (4 bytes).
    Removing hk32f030m_beep.o(.revsh_text), (4 bytes).
    Removing hk32f030m_beep.o(i.BEEP_ClockSelect), (36 bytes).
    Removing hk32f030m_beep.o(i.BEEP_Cmd), (64 bytes).
    Removing hk32f030m_beep.o(i.BEEP_DeInit), (40 bytes).
    Removing hk32f030m_beep.o(i.BEEP_Init), (140 bytes).
    Removing hk32f030m_beep.o(i.BEEP_ReadBeepStatus), (28 bytes).
    Removing hk32f030m_beep.o(i.BEEP_SetPrescaler), (32 bytes).
    Removing hk32f030m_beep.o(i.BEEP_SetTRGOPrescaler), (32 bytes).
    Removing hk32f030m_beep.o(i.BEEP_TRGOCmd), (64 bytes).
    Removing hk32f030m_crc.o(.rev16_text), (4 bytes).
    Removing hk32f030m_crc.o(.revsh_text), (4 bytes).
    Removing hk32f030m_crc.o(i.CRC_CalcBlockCRC), (36 bytes).
    Removing hk32f030m_crc.o(i.CRC_CalcCRC), (16 bytes).
    Removing hk32f030m_crc.o(i.CRC_DeInit), (28 bytes).
    Removing hk32f030m_crc.o(i.CRC_GetCRC), (12 bytes).
    Removing hk32f030m_crc.o(i.CRC_GetIDRegister), (12 bytes).
    Removing hk32f030m_crc.o(i.CRC_ResetDR), (20 bytes).
    Removing hk32f030m_crc.o(i.CRC_ReverseInputDataSelect), (32 bytes).
    Removing hk32f030m_crc.o(i.CRC_ReverseOutputDataCmd), (36 bytes).
    Removing hk32f030m_crc.o(i.CRC_SetIDRegister), (12 bytes).
    Removing hk32f030m_crc.o(i.CRC_SetInitRegister), (12 bytes).
    Removing hk32f030m_exti.o(.rev16_text), (4 bytes).
    Removing hk32f030m_exti.o(.revsh_text), (4 bytes).
    Removing hk32f030m_exti.o(i.EXTI_ClearFlag), (12 bytes).
    Removing hk32f030m_exti.o(i.EXTI_ClearITPendingBit), (12 bytes).
    Removing hk32f030m_exti.o(i.EXTI_DeInit), (24 bytes).
    Removing hk32f030m_exti.o(i.EXTI_GenerateSWInterrupt), (16 bytes).
    Removing hk32f030m_exti.o(i.EXTI_GetFlagStatus), (28 bytes).
    Removing hk32f030m_exti.o(i.EXTI_GetITStatus), (40 bytes).
    Removing hk32f030m_exti.o(i.EXTI_Init), (136 bytes).
    Removing hk32f030m_exti.o(i.EXTI_StructInit), (16 bytes).
    Removing hk32f030m_flash.o(.rev16_text), (4 bytes).
    Removing hk32f030m_flash.o(.revsh_text), (4 bytes).
    Removing hk32f030m_flash.o(i.EEPROM_EraseByte), (80 bytes).
    Removing hk32f030m_flash.o(i.EEPROM_ProgramByte), (68 bytes).
    Removing hk32f030m_flash.o(i.FLASH_ClearFlag), (12 bytes).
    Removing hk32f030m_flash.o(i.FLASH_EraseAllPages), (72 bytes).
    Removing hk32f030m_flash.o(i.FLASH_ErasePage), (76 bytes).
    Removing hk32f030m_flash.o(i.FLASH_GetFlagStatus), (28 bytes).
    Removing hk32f030m_flash.o(i.FLASH_GetStatus), (44 bytes).
    Removing hk32f030m_flash.o(i.FLASH_ITConfig), (32 bytes).
    Removing hk32f030m_flash.o(i.FLASH_Lock), (20 bytes).
    Removing hk32f030m_flash.o(i.FLASH_OB_DBGCLKConfig), (156 bytes).
    Removing hk32f030m_flash.o(i.FLASH_OB_EraseByte), (76 bytes).
    Removing hk32f030m_flash.o(i.FLASH_OB_GetRDP), (28 bytes).
    Removing hk32f030m_flash.o(i.FLASH_OB_GetUser), (16 bytes).
    Removing hk32f030m_flash.o(i.FLASH_OB_GetWRP), (12 bytes).
    Removing hk32f030m_flash.o(i.FLASH_OB_IWDG_RLRConfig), (192 bytes).
    Removing hk32f030m_flash.o(i.FLASH_OB_LSILPConfig), (156 bytes).
    Removing hk32f030m_flash.o(i.FLASH_OB_Lock), (20 bytes).
    Removing hk32f030m_flash.o(i.FLASH_OB_ProgramData), (72 bytes).
    Removing hk32f030m_flash.o(i.FLASH_OB_RDPConfig), (192 bytes).
    Removing hk32f030m_flash.o(i.FLASH_OB_Unlock), (40 bytes).
    Removing hk32f030m_flash.o(i.FLASH_OB_UserConfig), (196 bytes).
    Removing hk32f030m_flash.o(i.FLASH_OB_WRPConfig), (284 bytes).
    Removing hk32f030m_flash.o(i.FLASH_OB_WriteUser), (76 bytes).
    Removing hk32f030m_flash.o(i.FLASH_ProgramByte), (68 bytes).
    Removing hk32f030m_flash.o(i.FLASH_ProgramHalfWord), (68 bytes).
    Removing hk32f030m_flash.o(i.FLASH_SetLatency), (28 bytes).
    Removing hk32f030m_flash.o(i.FLASH_Unlock), (36 bytes).
    Removing hk32f030m_flash.o(i.FLASH_WaitForLastOperation), (40 bytes).
    Removing hk32f030m_flash.o(i.Sys_GetDevice64BitUID), (20 bytes).
    Removing hk32f030m_gpio.o(.rev16_text), (4 bytes).
    Removing hk32f030m_gpio.o(.revsh_text), (4 bytes).
    Removing hk32f030m_gpio.o(i.GPIO_DeInit), (120 bytes).
    Removing hk32f030m_gpio.o(i.GPIO_IOMUX_ChangePin), (72 bytes).
    Removing hk32f030m_gpio.o(i.GPIO_IOMUX_PinAFConfig), (152 bytes).
    Removing hk32f030m_gpio.o(i.GPIO_IOMUX_SetTIM2CN1_Source), (12 bytes).
    Removing hk32f030m_gpio.o(i.GPIO_PinLockConfig), (34 bytes).
    Removing hk32f030m_gpio.o(i.GPIO_ReadInputData), (8 bytes).
    Removing hk32f030m_gpio.o(i.GPIO_ReadOutputData), (8 bytes).
    Removing hk32f030m_gpio.o(i.GPIO_ReadOutputDataBit), (20 bytes).
    Removing hk32f030m_gpio.o(i.GPIO_StructInit), (24 bytes).
    Removing hk32f030m_gpio.o(i.GPIO_Toggle), (8 bytes).
    Removing hk32f030m_gpio.o(i.GPIO_Write), (4 bytes).
    Removing hk32f030m_gpio.o(i.GPIO_WriteBit), (12 bytes).
    Removing hk32f030m_i2c.o(.rev16_text), (4 bytes).
    Removing hk32f030m_i2c.o(.revsh_text), (4 bytes).
    Removing hk32f030m_i2c.o(i.I2C_10BitAddressHeaderCmd), (28 bytes).
    Removing hk32f030m_i2c.o(i.I2C_10BitAddressingModeCmd), (28 bytes).
    Removing hk32f030m_i2c.o(i.I2C_AcknowledgeConfig), (28 bytes).
    Removing hk32f030m_i2c.o(i.I2C_AutoEndCmd), (28 bytes).
    Removing hk32f030m_i2c.o(i.I2C_CalculatePEC), (28 bytes).
    Removing hk32f030m_i2c.o(i.I2C_ClearFlag), (4 bytes).
    Removing hk32f030m_i2c.o(i.I2C_ClearITPendingBit), (4 bytes).
    Removing hk32f030m_i2c.o(i.I2C_ClockTimeoutCmd), (28 bytes).
    Removing hk32f030m_i2c.o(i.I2C_Cmd), (24 bytes).
    Removing hk32f030m_i2c.o(i.I2C_DeInit), (36 bytes).
    Removing hk32f030m_i2c.o(i.I2C_DualAddressCmd), (28 bytes).
    Removing hk32f030m_i2c.o(i.I2C_ExtendedClockTimeoutCmd), (26 bytes).
    Removing hk32f030m_i2c.o(i.I2C_GeneralCallCmd), (28 bytes).
    Removing hk32f030m_i2c.o(i.I2C_GenerateSTART), (28 bytes).
    Removing hk32f030m_i2c.o(i.I2C_GenerateSTOP), (28 bytes).
    Removing hk32f030m_i2c.o(i.I2C_GetAddressMatched), (14 bytes).
    Removing hk32f030m_i2c.o(i.I2C_GetFlagStatus), (28 bytes).
    Removing hk32f030m_i2c.o(i.I2C_GetITStatus), (78 bytes).
    Removing hk32f030m_i2c.o(i.I2C_GetPEC), (8 bytes).
    Removing hk32f030m_i2c.o(i.I2C_GetTransferDirection), (30 bytes).
    Removing hk32f030m_i2c.o(i.I2C_ITConfig), (20 bytes).
    Removing hk32f030m_i2c.o(i.I2C_IdleClockTimeoutCmd), (28 bytes).
    Removing hk32f030m_i2c.o(i.I2C_Init), (108 bytes).
    Removing hk32f030m_i2c.o(i.I2C_MasterRequestConfig), (28 bytes).
    Removing hk32f030m_i2c.o(i.I2C_NumberOfBytesConfig), (28 bytes).
    Removing hk32f030m_i2c.o(i.I2C_OwnAddress2Config), (36 bytes).
    Removing hk32f030m_i2c.o(i.I2C_PECRequestCmd), (28 bytes).
    Removing hk32f030m_i2c.o(i.I2C_ReadRegister), (22 bytes).
    Removing hk32f030m_i2c.o(i.I2C_ReceiveData), (8 bytes).
    Removing hk32f030m_i2c.o(i.I2C_ReloadCmd), (28 bytes).
    Removing hk32f030m_i2c.o(i.I2C_SMBusAlertCmd), (28 bytes).
    Removing hk32f030m_i2c.o(i.I2C_SendData), (4 bytes).
    Removing hk32f030m_i2c.o(i.I2C_SlaveAddressConfig), (20 bytes).
    Removing hk32f030m_i2c.o(i.I2C_SlaveByteControlCmd), (28 bytes).
    Removing hk32f030m_i2c.o(i.I2C_SoftwareResetCmd), (20 bytes).
    Removing hk32f030m_i2c.o(i.I2C_StopModeCmd), (28 bytes).
    Removing hk32f030m_i2c.o(i.I2C_StretchClockCmd), (28 bytes).
    Removing hk32f030m_i2c.o(i.I2C_StructInit), (24 bytes).
    Removing hk32f030m_i2c.o(i.I2C_TimeoutAConfig), (20 bytes).
    Removing hk32f030m_i2c.o(i.I2C_TimeoutBConfig), (32 bytes).
    Removing hk32f030m_i2c.o(i.I2C_TransferHandling), (44 bytes).
    Removing hk32f030m_iwdg.o(.rev16_text), (4 bytes).
    Removing hk32f030m_iwdg.o(.revsh_text), (4 bytes).
    Removing hk32f030m_iwdg.o(i.IWDG_Enable), (16 bytes).
    Removing hk32f030m_iwdg.o(i.IWDG_GetFlagStatus), (28 bytes).
    Removing hk32f030m_iwdg.o(i.IWDG_ReloadCounter), (16 bytes).
    Removing hk32f030m_iwdg.o(i.IWDG_SetPrescaler), (12 bytes).
    Removing hk32f030m_iwdg.o(i.IWDG_SetReload), (12 bytes).
    Removing hk32f030m_iwdg.o(i.IWDG_SetWindowValue), (12 bytes).
    Removing hk32f030m_iwdg.o(i.IWDG_WriteAccessCmd), (12 bytes).
    Removing hk32f030m_misc.o(.rev16_text), (4 bytes).
    Removing hk32f030m_misc.o(.revsh_text), (4 bytes).
    Removing hk32f030m_misc.o(i.NVIC_Init), (112 bytes).
    Removing hk32f030m_misc.o(i.NVIC_SystemLPConfig), (32 bytes).
    Removing hk32f030m_misc.o(i.SysTick_CLKSourceConfig), (36 bytes).
    Removing hk32f030m_pwr.o(.rev16_text), (4 bytes).
    Removing hk32f030m_pwr.o(.revsh_text), (4 bytes).
    Removing hk32f030m_pwr.o(i.PWR_DeInit), (22 bytes).
    Removing hk32f030m_pwr.o(i.PWR_EnterDeepSleepMode), (16 bytes).
    Removing hk32f030m_pwr.o(i.PWR_EnterSleepMode), (32 bytes).
    Removing hk32f030m_pwr.o(i.PWR_EnterStopMode), (112 bytes).
    Removing hk32f030m_pwr.o(i.PWR_SetLDO_RefVolToADC), (36 bytes).
    Removing hk32f030m_pwr.o(i.Sysclk_SwitchToLSI), (140 bytes).
    Removing hk32f030m_rcc.o(.rev16_text), (4 bytes).
    Removing hk32f030m_rcc.o(.revsh_text), (4 bytes).
    Removing hk32f030m_rcc.o(i.RCC_ADCCLKConfig), (76 bytes).
    Removing hk32f030m_rcc.o(i.RCC_AHBPeriphResetCmd), (32 bytes).
    Removing hk32f030m_rcc.o(i.RCC_APB1PeriphClockCmd), (32 bytes).
    Removing hk32f030m_rcc.o(i.RCC_APB1PeriphResetCmd), (32 bytes).
    Removing hk32f030m_rcc.o(i.RCC_APB2PeriphResetCmd), (32 bytes).
    Removing hk32f030m_rcc.o(i.RCC_AdjustHSICalibrationValue), (32 bytes).
    Removing hk32f030m_rcc.o(i.RCC_ClearFlag), (20 bytes).
    Removing hk32f030m_rcc.o(i.RCC_ClearITPendingBit), (12 bytes).
    Removing hk32f030m_rcc.o(i.RCC_ClockSecuritySystemCmd), (40 bytes).
    Removing hk32f030m_rcc.o(i.RCC_DeInit), (52 bytes).
    Removing hk32f030m_rcc.o(i.RCC_EXTCmd), (108 bytes).
    Removing hk32f030m_rcc.o(i.RCC_GetFlagStatus), (56 bytes).
    Removing hk32f030m_rcc.o(i.RCC_GetITStatus), (28 bytes).
    Removing hk32f030m_rcc.o(i.RCC_GetSYSCLKSource), (16 bytes).
    Removing hk32f030m_rcc.o(i.RCC_HCLKConfig), (32 bytes).
    Removing hk32f030m_rcc.o(i.RCC_HSICmd), (36 bytes).
    Removing hk32f030m_rcc.o(i.RCC_I2CCLKConfig), (28 bytes).
    Removing hk32f030m_rcc.o(i.RCC_ITConfig), (32 bytes).
    Removing hk32f030m_rcc.o(i.RCC_LSICmd), (36 bytes).
    Removing hk32f030m_rcc.o(i.RCC_MCOConfig), (36 bytes).
    Removing hk32f030m_rcc.o(i.RCC_PCLKConfig), (36 bytes).
    Removing hk32f030m_rcc.o(i.RCC_SYSCLKConfig), (28 bytes).
    Removing hk32f030m_rcc.o(i.RCC_USARTCLKConfig), (28 bytes).
    Removing hk32f030m_rcc.o(i.RCC_WaitForStartUp), (64 bytes).
    Removing hk32f030m_spi.o(.rev16_text), (4 bytes).
    Removing hk32f030m_spi.o(.revsh_text), (4 bytes).
    Removing hk32f030m_spi.o(i.I2S_Cmd), (32 bytes).
    Removing hk32f030m_spi.o(i.I2S_Init), (232 bytes).
    Removing hk32f030m_spi.o(i.I2S_StructInit), (20 bytes).
    Removing hk32f030m_spi.o(i.SPI_BiDirectionalLineConfig), (32 bytes).
    Removing hk32f030m_spi.o(i.SPI_CRCLengthConfig), (20 bytes).
    Removing hk32f030m_spi.o(i.SPI_CalculateCRC), (32 bytes).
    Removing hk32f030m_spi.o(i.SPI_Cmd), (28 bytes).
    Removing hk32f030m_spi.o(i.SPI_DataSizeConfig), (28 bytes).
    Removing hk32f030m_spi.o(i.SPI_GetCRC), (20 bytes).
    Removing hk32f030m_spi.o(i.SPI_GetCRCPolynomial), (8 bytes).
    Removing hk32f030m_spi.o(i.SPI_GetReceptionFIFOStatus), (12 bytes).
    Removing hk32f030m_spi.o(i.SPI_GetTransmissionFIFOStatus), (12 bytes).
    Removing hk32f030m_spi.o(i.SPI_I2S_ClearFlag), (8 bytes).
    Removing hk32f030m_spi.o(i.SPI_I2S_DeInit), (32 bytes).
    Removing hk32f030m_spi.o(i.SPI_I2S_GetFlagStatus), (20 bytes).
    Removing hk32f030m_spi.o(i.SPI_I2S_GetITStatus), (56 bytes).
    Removing hk32f030m_spi.o(i.SPI_I2S_ITConfig), (38 bytes).
    Removing hk32f030m_spi.o(i.SPI_I2S_ReceiveData16), (8 bytes).
    Removing hk32f030m_spi.o(i.SPI_I2S_SendData16), (4 bytes).
    Removing hk32f030m_spi.o(i.SPI_Init), (96 bytes).
    Removing hk32f030m_spi.o(i.SPI_NSSInternalSoftwareConfig), (32 bytes).
    Removing hk32f030m_spi.o(i.SPI_NSSPulseModeCmd), (28 bytes).
    Removing hk32f030m_spi.o(i.SPI_ReceiveData8), (12 bytes).
    Removing hk32f030m_spi.o(i.SPI_RxFIFOThresholdConfig), (20 bytes).
    Removing hk32f030m_spi.o(i.SPI_SSOutputCmd), (28 bytes).
    Removing hk32f030m_spi.o(i.SPI_SendData8), (10 bytes).
    Removing hk32f030m_spi.o(i.SPI_StructInit), (30 bytes).
    Removing hk32f030m_spi.o(i.SPI_TIModeCmd), (28 bytes).
    Removing hk32f030m_spi.o(i.SPI_TransmitCRC), (12 bytes).
    Removing hk32f030m_syscfg.o(.rev16_text), (4 bytes).
    Removing hk32f030m_syscfg.o(.revsh_text), (4 bytes).
    Removing hk32f030m_syscfg.o(i.SYSCFG_DeInit), (20 bytes).
    Removing hk32f030m_syscfg.o(i.SYSCFG_EXTILineConfig), (64 bytes).
    Removing hk32f030m_syscfg.o(i.SYSCFG_Lockup_Tim1BreakConfig), (36 bytes).
    Removing hk32f030m_syscfg.o(i.SYSCFG_MemoryRemapConfig), (40 bytes).
    Removing hk32f030m_tim.o(.rev16_text), (4 bytes).
    Removing hk32f030m_tim.o(.revsh_text), (4 bytes).
    Removing hk32f030m_tim.o(i.TI1_Config), (60 bytes).
    Removing hk32f030m_tim.o(i.TI2_Config), (80 bytes).
    Removing hk32f030m_tim.o(i.TI3_Config), (76 bytes).
    Removing hk32f030m_tim.o(i.TI4_Config), (84 bytes).
    Removing hk32f030m_tim.o(i.TIM_ARRPreloadConfig), (28 bytes).
    Removing hk32f030m_tim.o(i.TIM_BDTRConfig), (30 bytes).
    Removing hk32f030m_tim.o(i.TIM_BDTRStructInit), (18 bytes).
    Removing hk32f030m_tim.o(i.TIM_CCPreloadControl), (28 bytes).
    Removing hk32f030m_tim.o(i.TIM_CCxCmd), (34 bytes).
    Removing hk32f030m_tim.o(i.TIM_CCxNCmd), (34 bytes).
    Removing hk32f030m_tim.o(i.TIM_ClearFlag), (8 bytes).
    Removing hk32f030m_tim.o(i.TIM_ClearITPendingBit), (8 bytes).
    Removing hk32f030m_tim.o(i.TIM_ClearOC1Ref), (28 bytes).
    Removing hk32f030m_tim.o(i.TIM_ClearOC2Ref), (22 bytes).
    Removing hk32f030m_tim.o(i.TIM_ClearOC3Ref), (28 bytes).
    Removing hk32f030m_tim.o(i.TIM_ClearOC4Ref), (22 bytes).
    Removing hk32f030m_tim.o(i.TIM_Cmd), (28 bytes).
    Removing hk32f030m_tim.o(i.TIM_CounterModeConfig), (28 bytes).
    Removing hk32f030m_tim.o(i.TIM_CtrlPWMOutputs), (26 bytes).
    Removing hk32f030m_tim.o(i.TIM_DeInit), (88 bytes).
    Removing hk32f030m_tim.o(i.TIM_ETRClockMode1Config), (52 bytes).
    Removing hk32f030m_tim.o(i.TIM_ETRClockMode2Config), (34 bytes).
    Removing hk32f030m_tim.o(i.TIM_ETRConfig), (26 bytes).
    Removing hk32f030m_tim.o(i.TIM_EncoderInterfaceConfig), (72 bytes).
    Removing hk32f030m_tim.o(i.TIM_ForcedOC1Config), (28 bytes).
    Removing hk32f030m_tim.o(i.TIM_ForcedOC2Config), (28 bytes).
    Removing hk32f030m_tim.o(i.TIM_ForcedOC3Config), (28 bytes).
    Removing hk32f030m_tim.o(i.TIM_ForcedOC4Config), (28 bytes).
    Removing hk32f030m_tim.o(i.TIM_GenerateEvent), (4 bytes).
    Removing hk32f030m_tim.o(i.TIM_GetCapture1), (6 bytes).
    Removing hk32f030m_tim.o(i.TIM_GetCapture2), (6 bytes).
    Removing hk32f030m_tim.o(i.TIM_GetCapture3), (6 bytes).
    Removing hk32f030m_tim.o(i.TIM_GetCapture4), (6 bytes).
    Removing hk32f030m_tim.o(i.TIM_GetCounter), (6 bytes).
    Removing hk32f030m_tim.o(i.TIM_GetFlagStatus), (20 bytes).
    Removing hk32f030m_tim.o(i.TIM_GetITStatus), (38 bytes).
    Removing hk32f030m_tim.o(i.TIM_GetPrescaler), (8 bytes).
    Removing hk32f030m_tim.o(i.TIM_ICInit), (112 bytes).
    Removing hk32f030m_tim.o(i.TIM_ICStructInit), (18 bytes).
    Removing hk32f030m_tim.o(i.TIM_ITConfig), (26 bytes).
    Removing hk32f030m_tim.o(i.TIM_ITRxExternalClockConfig), (24 bytes).
    Removing hk32f030m_tim.o(i.TIM_InternalClockConfig), (16 bytes).
    Removing hk32f030m_tim.o(i.TIM_OC1FastConfig), (28 bytes).
    Removing hk32f030m_tim.o(i.TIM_OC1Init), (120 bytes).
    Removing hk32f030m_tim.o(i.TIM_OC1NPolarityConfig), (28 bytes).
    Removing hk32f030m_tim.o(i.TIM_OC1PolarityConfig), (28 bytes).
    Removing hk32f030m_tim.o(i.TIM_OC1PreloadConfig), (28 bytes).
    Removing hk32f030m_tim.o(i.TIM_OC2FastConfig), (28 bytes).
    Removing hk32f030m_tim.o(i.TIM_OC2Init), (168 bytes).
    Removing hk32f030m_tim.o(i.TIM_OC2NPolarityConfig), (28 bytes).
    Removing hk32f030m_tim.o(i.TIM_OC2PolarityConfig), (28 bytes).
    Removing hk32f030m_tim.o(i.TIM_OC2PreloadConfig), (28 bytes).
    Removing hk32f030m_tim.o(i.TIM_OC3FastConfig), (28 bytes).
    Removing hk32f030m_tim.o(i.TIM_OC3Init), (160 bytes).
    Removing hk32f030m_tim.o(i.TIM_OC3NPolarityConfig), (28 bytes).
    Removing hk32f030m_tim.o(i.TIM_OC3PolarityConfig), (28 bytes).
    Removing hk32f030m_tim.o(i.TIM_OC3PreloadConfig), (28 bytes).
    Removing hk32f030m_tim.o(i.TIM_OC4FastConfig), (28 bytes).
    Removing hk32f030m_tim.o(i.TIM_OC4Init), (120 bytes).
    Removing hk32f030m_tim.o(i.TIM_OC4PolarityConfig), (28 bytes).
    Removing hk32f030m_tim.o(i.TIM_OC4PreloadConfig), (28 bytes).
    Removing hk32f030m_tim.o(i.TIM_OCStructInit), (20 bytes).
    Removing hk32f030m_tim.o(i.TIM_PWMIConfig), (124 bytes).
    Removing hk32f030m_tim.o(i.TIM_PrescalerConfig), (6 bytes).
    Removing hk32f030m_tim.o(i.TIM_SelectCOM), (28 bytes).
    Removing hk32f030m_tim.o(i.TIM_SelectHallSensor), (28 bytes).
    Removing hk32f030m_tim.o(i.TIM_SelectInputTrigger), (28 bytes).
    Removing hk32f030m_tim.o(i.TIM_SelectMasterSlaveMode), (20 bytes).
    Removing hk32f030m_tim.o(i.TIM_SelectOCREFClear), (20 bytes).
    Removing hk32f030m_tim.o(i.TIM_SelectOCxM), (86 bytes).
    Removing hk32f030m_tim.o(i.TIM_SelectOnePulseMode), (20 bytes).
    Removing hk32f030m_tim.o(i.TIM_SelectOutputTrigger), (20 bytes).
    Removing hk32f030m_tim.o(i.TIM_SelectSlaveMode), (20 bytes).
    Removing hk32f030m_tim.o(i.TIM_SetAutoreload), (4 bytes).
    Removing hk32f030m_tim.o(i.TIM_SetClockDivision), (20 bytes).
    Removing hk32f030m_tim.o(i.TIM_SetCompare1), (4 bytes).
    Removing hk32f030m_tim.o(i.TIM_SetCompare2), (4 bytes).
    Removing hk32f030m_tim.o(i.TIM_SetCompare3), (4 bytes).
    Removing hk32f030m_tim.o(i.TIM_SetCompare4), (4 bytes).
    Removing hk32f030m_tim.o(i.TIM_SetCounter), (4 bytes).
    Removing hk32f030m_tim.o(i.TIM_SetIC1Prescaler), (20 bytes).
    Removing hk32f030m_tim.o(i.TIM_SetIC2Prescaler), (24 bytes).
    Removing hk32f030m_tim.o(i.TIM_SetIC3Prescaler), (20 bytes).
    Removing hk32f030m_tim.o(i.TIM_SetIC4Prescaler), (24 bytes).
    Removing hk32f030m_tim.o(i.TIM_TIxExternalClockConfig), (58 bytes).
    Removing hk32f030m_tim.o(i.TIM_TimeBaseInit), (84 bytes).
    Removing hk32f030m_tim.o(i.TIM_TimeBaseStructInit), (18 bytes).
    Removing hk32f030m_tim.o(i.TIM_UpdateDisableConfig), (28 bytes).
    Removing hk32f030m_tim.o(i.TIM_UpdateRequestConfig), (28 bytes).
    Removing hk32f030m_usart.o(.rev16_text), (4 bytes).
    Removing hk32f030m_usart.o(.revsh_text), (4 bytes).
    Removing hk32f030m_usart.o(i.USART_AddressDetectionConfig), (16 bytes).
    Removing hk32f030m_usart.o(i.USART_AutoBaudRateCmd), (28 bytes).
    Removing hk32f030m_usart.o(i.USART_AutoBaudRateConfig), (18 bytes).
    Removing hk32f030m_usart.o(i.USART_ClearFlag), (4 bytes).
    Removing hk32f030m_usart.o(i.USART_ClearITPendingBit), (18 bytes).
    Removing hk32f030m_usart.o(i.USART_ClockInit), (36 bytes).
    Removing hk32f030m_usart.o(i.USART_ClockStructInit), (12 bytes).
    Removing hk32f030m_usart.o(i.USART_DECmd), (28 bytes).
    Removing hk32f030m_usart.o(i.USART_DEPolarityConfig), (18 bytes).
    Removing hk32f030m_usart.o(i.USART_DataInvCmd), (28 bytes).
    Removing hk32f030m_usart.o(i.USART_DeInit), (36 bytes).
    Removing hk32f030m_usart.o(i.USART_DirectionModeCmd), (20 bytes).
    Removing hk32f030m_usart.o(i.USART_GetITStatus), (78 bytes).
    Removing hk32f030m_usart.o(i.USART_HalfDuplexCmd), (24 bytes).
    Removing hk32f030m_usart.o(i.USART_ITConfig), (66 bytes).
    Removing hk32f030m_usart.o(i.USART_InvPinCmd), (20 bytes).
    Removing hk32f030m_usart.o(i.USART_IrDACmd), (24 bytes).
    Removing hk32f030m_usart.o(i.USART_IrDAConfig), (16 bytes).
    Removing hk32f030m_usart.o(i.USART_LINBreakDetectLengthConfig), (16 bytes).
    Removing hk32f030m_usart.o(i.USART_LINCmd), (28 bytes).
    Removing hk32f030m_usart.o(i.USART_MSBFirstCmd), (28 bytes).
    Removing hk32f030m_usart.o(i.USART_MuteModeCmd), (28 bytes).
    Removing hk32f030m_usart.o(i.USART_MuteModeWakeUpConfig), (18 bytes).
    Removing hk32f030m_usart.o(i.USART_OneBitMethodCmd), (28 bytes).
    Removing hk32f030m_usart.o(i.USART_OverSampling8Cmd), (28 bytes).
    Removing hk32f030m_usart.o(i.USART_OverrunDetectionConfig), (18 bytes).
    Removing hk32f030m_usart.o(i.USART_ReceiveData), (10 bytes).
    Removing hk32f030m_usart.o(i.USART_ReceiverTimeOutCmd), (28 bytes).
    Removing hk32f030m_usart.o(i.USART_RequestCmd), (20 bytes).
    Removing hk32f030m_usart.o(i.USART_STOPModeCmd), (24 bytes).
    Removing hk32f030m_usart.o(i.USART_SWAPPinCmd), (28 bytes).
    Removing hk32f030m_usart.o(i.USART_SetAddress), (18 bytes).
    Removing hk32f030m_usart.o(i.USART_SetAutoRetryCount), (20 bytes).
    Removing hk32f030m_usart.o(i.USART_SetBlockLength), (18 bytes).
    Removing hk32f030m_usart.o(i.USART_SetDEAssertionTime), (20 bytes).
    Removing hk32f030m_usart.o(i.USART_SetDEDeassertionTime), (20 bytes).
    Removing hk32f030m_usart.o(i.USART_SetGuardTime), (16 bytes).
    Removing hk32f030m_usart.o(i.USART_SetPrescaler), (18 bytes).
    Removing hk32f030m_usart.o(i.USART_SetReceiverTimeOut), (16 bytes).
    Removing hk32f030m_usart.o(i.USART_SmartCardCmd), (24 bytes).
    Removing hk32f030m_usart.o(i.USART_SmartCardNACKCmd), (24 bytes).
    Removing hk32f030m_usart.o(i.USART_StopModeWakeUpSourceConfig), (18 bytes).
    Removing hk32f030m_usart.o(i.USART_StructInit), (24 bytes).
    Removing hk32f030m_wwdg.o(.rev16_text), (4 bytes).
    Removing hk32f030m_wwdg.o(.revsh_text), (4 bytes).
    Removing hk32f030m_wwdg.o(i.WWDG_ClearFlag), (12 bytes).
    Removing hk32f030m_wwdg.o(i.WWDG_DeInit), (22 bytes).
    Removing hk32f030m_wwdg.o(i.WWDG_Enable), (16 bytes).
    Removing hk32f030m_wwdg.o(i.WWDG_EnableIT), (20 bytes).
    Removing hk32f030m_wwdg.o(i.WWDG_GetFlagStatus), (24 bytes).
    Removing hk32f030m_wwdg.o(i.WWDG_SetCounter), (16 bytes).
    Removing hk32f030m_wwdg.o(i.WWDG_SetPrescaler), (32 bytes).
    Removing hk32f030m_wwdg.o(i.WWDG_SetWindowValue), (40 bytes).
    Removing system_hk32f030m.o(.rev16_text), (4 bytes).
    Removing system_hk32f030m.o(.revsh_text), (4 bytes).
    Removing system_hk32f030m.o(i.SystemCoreClockUpdate), (116 bytes).
    Removing system_hk32f030m.o(.data), (4 bytes).
    Removing keil_startup_hk32f030m.o(HEAP), (512 bytes).

417 unused section(s) (total 14236 bytes) removed from the image.

==============================================================================

Image Symbol Table

    Local Symbols

    Symbol Name                              Value     Ov Type        Size  Object(Section)

    ../clib/microlib/division.c              0x00000000   Number         0  uldiv.o ABSOLUTE
    ../clib/microlib/division.c              0x00000000   Number         0  uidiv.o ABSOLUTE
    ../clib/microlib/init/entry.s            0x00000000   Number         0  entry5.o ABSOLUTE
    ../clib/microlib/init/entry.s            0x00000000   Number         0  entry7b.o ABSOLUTE
    ../clib/microlib/init/entry.s            0x00000000   Number         0  entry7a.o ABSOLUTE
    ../clib/microlib/init/entry.s            0x00000000   Number         0  entry.o ABSOLUTE
    ../clib/microlib/init/entry.s            0x00000000   Number         0  entry11b.o ABSOLUTE
    ../clib/microlib/init/entry.s            0x00000000   Number         0  entry10a.o ABSOLUTE
    ../clib/microlib/init/entry.s            0x00000000   Number         0  entry2.o ABSOLUTE
    ../clib/microlib/init/entry.s            0x00000000   Number         0  entry11a.o ABSOLUTE
    ../clib/microlib/init/entry.s            0x00000000   Number         0  entry10b.o ABSOLUTE
    ../clib/microlib/init/entry.s            0x00000000   Number         0  entry9b.o ABSOLUTE
    ../clib/microlib/init/entry.s            0x00000000   Number         0  entry9a.o ABSOLUTE
    ../clib/microlib/init/entry.s            0x00000000   Number         0  entry8b.o ABSOLUTE
    ../clib/microlib/init/entry.s            0x00000000   Number         0  entry8a.o ABSOLUTE
    ../clib/microlib/longlong.c              0x00000000   Number         0  llsshr.o ABSOLUTE
    ../clib/microlib/longlong.c              0x00000000   Number         0  llushr.o ABSOLUTE
    ../clib/microlib/longlong.c              0x00000000   Number         0  llshl.o ABSOLUTE
    ../clib/microlib/printf/printf.c         0x00000000   Number         0  printf0.o ABSOLUTE
    ../clib/microlib/printf/printf.c         0x00000000   Number         0  printf6.o ABSOLUTE
    ../clib/microlib/printf/printf.c         0x00000000   Number         0  printf1.o ABSOLUTE
    ../clib/microlib/printf/printf.c         0x00000000   Number         0  printf2.o ABSOLUTE
    ../clib/microlib/printf/printf.c         0x00000000   Number         0  printf3.o ABSOLUTE
    ../clib/microlib/printf/printf.c         0x00000000   Number         0  printf4.o ABSOLUTE
    ../clib/microlib/printf/printf.c         0x00000000   Number         0  printf5.o ABSOLUTE
    ../clib/microlib/printf/printf.c         0x00000000   Number         0  printf7.o ABSOLUTE
    ../clib/microlib/printf/printf.c         0x00000000   Number         0  printf8.o ABSOLUTE
    ../clib/microlib/printf/printf.c         0x00000000   Number         0  printfa.o ABSOLUTE
    ../clib/microlib/printf/printf.c         0x00000000   Number         0  printfb.o ABSOLUTE
    ../clib/microlib/printf/stubs.s          0x00000000   Number         0  stubs.o ABSOLUTE
    ../clib/microlib/stdio/streams.c         0x00000000   Number         0  stdout.o ABSOLUTE
    ../clib/microlib/stubs.s                 0x00000000   Number         0  iusefp.o ABSOLUTE
    ../fplib/microlib/f2d.c                  0x00000000   Number         0  f2d.o ABSOLUTE
    ../fplib/microlib/fpadd.c                0x00000000   Number         0  fadd.o ABSOLUTE
    ../fplib/microlib/fpadd.c                0x00000000   Number         0  dadd.o ABSOLUTE
    ../fplib/microlib/fpdiv.c                0x00000000   Number         0  ddiv.o ABSOLUTE
    ../fplib/microlib/fpdiv.c                0x00000000   Number         0  fdiv.o ABSOLUTE
    ../fplib/microlib/fpepilogue.c           0x00000000   Number         0  fepilogue.o ABSOLUTE
    ../fplib/microlib/fpepilogue.c           0x00000000   Number         0  depilogue.o ABSOLUTE
    ../fplib/microlib/fpfix.c                0x00000000   Number         0  ffixui.o ABSOLUTE
    ../fplib/microlib/fpfix.c                0x00000000   Number         0  dfixul.o ABSOLUTE
    ../fplib/microlib/fpflt.c                0x00000000   Number         0  ffltui.o ABSOLUTE
    ../fplib/microlib/fpmul.c                0x00000000   Number         0  fmul.o ABSOLUTE
    ../fplib/microlib/fpmul.c                0x00000000   Number         0  dmul.o ABSOLUTE
    ..\Source\Libraries\CMSIS\HK32F030M\Source\KEIL_Startup_hk32f030m.s 0x00000000   Number         0  keil_startup_hk32f030m.o ABSOLUTE
    ..\Source\Libraries\CMSIS\HK32F030M\Source\system_hk32f030m.c 0x00000000   Number         0  system_hk32f030m.o ABSOLUTE
    ..\Source\Libraries\HK32F030M_Lib\src\hk32f030m_adc.c 0x00000000   Number         0  hk32f030m_adc.o ABSOLUTE
    ..\Source\Libraries\HK32F030M_Lib\src\hk32f030m_awu.c 0x00000000   Number         0  hk32f030m_awu.o ABSOLUTE
    ..\Source\Libraries\HK32F030M_Lib\src\hk32f030m_beep.c 0x00000000   Number         0  hk32f030m_beep.o ABSOLUTE
    ..\Source\Libraries\HK32F030M_Lib\src\hk32f030m_crc.c 0x00000000   Number         0  hk32f030m_crc.o ABSOLUTE
    ..\Source\Libraries\HK32F030M_Lib\src\hk32f030m_exti.c 0x00000000   Number         0  hk32f030m_exti.o ABSOLUTE
    ..\Source\Libraries\HK32F030M_Lib\src\hk32f030m_flash.c 0x00000000   Number         0  hk32f030m_flash.o ABSOLUTE
    ..\Source\Libraries\HK32F030M_Lib\src\hk32f030m_gpio.c 0x00000000   Number         0  hk32f030m_gpio.o ABSOLUTE
    ..\Source\Libraries\HK32F030M_Lib\src\hk32f030m_i2c.c 0x00000000   Number         0  hk32f030m_i2c.o ABSOLUTE
    ..\Source\Libraries\HK32F030M_Lib\src\hk32f030m_iwdg.c 0x00000000   Number         0  hk32f030m_iwdg.o ABSOLUTE
    ..\Source\Libraries\HK32F030M_Lib\src\hk32f030m_misc.c 0x00000000   Number         0  hk32f030m_misc.o ABSOLUTE
    ..\Source\Libraries\HK32F030M_Lib\src\hk32f030m_pwr.c 0x00000000   Number         0  hk32f030m_pwr.o ABSOLUTE
    ..\Source\Libraries\HK32F030M_Lib\src\hk32f030m_rcc.c 0x00000000   Number         0  hk32f030m_rcc.o ABSOLUTE
    ..\Source\Libraries\HK32F030M_Lib\src\hk32f030m_spi.c 0x00000000   Number         0  hk32f030m_spi.o ABSOLUTE
    ..\Source\Libraries\HK32F030M_Lib\src\hk32f030m_syscfg.c 0x00000000   Number         0  hk32f030m_syscfg.o ABSOLUTE
    ..\Source\Libraries\HK32F030M_Lib\src\hk32f030m_tim.c 0x00000000   Number         0  hk32f030m_tim.o ABSOLUTE
    ..\Source\Libraries\HK32F030M_Lib\src\hk32f030m_usart.c 0x00000000   Number         0  hk32f030m_usart.o ABSOLUTE
    ..\Source\Libraries\HK32F030M_Lib\src\hk32f030m_wwdg.c 0x00000000   Number         0  hk32f030m_wwdg.o ABSOLUTE
    ..\Source\User\hk32f030m_it.c            0x00000000   Number         0  hk32f030m_it.o ABSOLUTE
    ..\Source\User\led\bsp_led.c             0x00000000   Number         0  bsp_led.o ABSOLUTE
    ..\Source\User\main.c                    0x00000000   Number         0  main.o ABSOLUTE
    ..\Source\User\sht\sht3x.c               0x00000000   Number         0  sht3x.o ABSOLUTE
    ..\Source\User\usart\bsp_usart.c         0x00000000   Number         0  bsp_usart.o ABSOLUTE
    ..\\Source\\Libraries\\CMSIS\\HK32F030M\\Source\\system_hk32f030m.c 0x00000000   Number         0  system_hk32f030m.o ABSOLUTE
    ..\\Source\\Libraries\\HK32F030M_Lib\\src\\hk32f030m_adc.c 0x00000000   Number         0  hk32f030m_adc.o ABSOLUTE
    ..\\Source\\Libraries\\HK32F030M_Lib\\src\\hk32f030m_awu.c 0x00000000   Number         0  hk32f030m_awu.o ABSOLUTE
    ..\\Source\\Libraries\\HK32F030M_Lib\\src\\hk32f030m_beep.c 0x00000000   Number         0  hk32f030m_beep.o ABSOLUTE
    ..\\Source\\Libraries\\HK32F030M_Lib\\src\\hk32f030m_crc.c 0x00000000   Number         0  hk32f030m_crc.o ABSOLUTE
    ..\\Source\\Libraries\\HK32F030M_Lib\\src\\hk32f030m_exti.c 0x00000000   Number         0  hk32f030m_exti.o ABSOLUTE
    ..\\Source\\Libraries\\HK32F030M_Lib\\src\\hk32f030m_flash.c 0x00000000   Number         0  hk32f030m_flash.o ABSOLUTE
    ..\\Source\\Libraries\\HK32F030M_Lib\\src\\hk32f030m_gpio.c 0x00000000   Number         0  hk32f030m_gpio.o ABSOLUTE
    ..\\Source\\Libraries\\HK32F030M_Lib\\src\\hk32f030m_i2c.c 0x00000000   Number         0  hk32f030m_i2c.o ABSOLUTE
    ..\\Source\\Libraries\\HK32F030M_Lib\\src\\hk32f030m_iwdg.c 0x00000000   Number         0  hk32f030m_iwdg.o ABSOLUTE
    ..\\Source\\Libraries\\HK32F030M_Lib\\src\\hk32f030m_misc.c 0x00000000   Number         0  hk32f030m_misc.o ABSOLUTE
    ..\\Source\\Libraries\\HK32F030M_Lib\\src\\hk32f030m_pwr.c 0x00000000   Number         0  hk32f030m_pwr.o ABSOLUTE
    ..\\Source\\Libraries\\HK32F030M_Lib\\src\\hk32f030m_rcc.c 0x00000000   Number         0  hk32f030m_rcc.o ABSOLUTE
    ..\\Source\\Libraries\\HK32F030M_Lib\\src\\hk32f030m_spi.c 0x00000000   Number         0  hk32f030m_spi.o ABSOLUTE
    ..\\Source\\Libraries\\HK32F030M_Lib\\src\\hk32f030m_syscfg.c 0x00000000   Number         0  hk32f030m_syscfg.o ABSOLUTE
    ..\\Source\\Libraries\\HK32F030M_Lib\\src\\hk32f030m_tim.c 0x00000000   Number         0  hk32f030m_tim.o ABSOLUTE
    ..\\Source\\Libraries\\HK32F030M_Lib\\src\\hk32f030m_usart.c 0x00000000   Number         0  hk32f030m_usart.o ABSOLUTE
    ..\\Source\\Libraries\\HK32F030M_Lib\\src\\hk32f030m_wwdg.c 0x00000000   Number         0  hk32f030m_wwdg.o ABSOLUTE
    ..\\Source\\User\\hk32f030m_it.c         0x00000000   Number         0  hk32f030m_it.o ABSOLUTE
    ..\\Source\\User\\led\\bsp_led.c         0x00000000   Number         0  bsp_led.o ABSOLUTE
    ..\\Source\\User\\main.c                 0x00000000   Number         0  main.o ABSOLUTE
    ..\\Source\\User\\sht\\sht3x.c           0x00000000   Number         0  sht3x.o ABSOLUTE
    ..\\Source\\User\\usart\\bsp_usart.c     0x00000000   Number         0  bsp_usart.o ABSOLUTE
    cdrcmple.s                               0x00000000   Number         0  cdrcmple.o ABSOLUTE
    cfcmple.s                                0x00000000   Number         0  cfcmple.o ABSOLUTE
    cfrcmple.s                               0x00000000   Number         0  cfrcmple.o ABSOLUTE
    dc.s                                     0x00000000   Number         0  dc.o ABSOLUTE
    handlers.s                               0x00000000   Number         0  handlers.o ABSOLUTE
    init.s                                   0x00000000   Number         0  init.o ABSOLUTE
    RESET                                    0x08000000   Section      192  keil_startup_hk32f030m.o(RESET)
    .ARM.Collect$$$$00000000                 0x080000c0   Section        0  entry.o(.ARM.Collect$$$$00000000)
    .ARM.Collect$$$$00000001                 0x080000c0   Section        4  entry2.o(.ARM.Collect$$$$00000001)
    .ARM.Collect$$$$00000004                 0x080000c4   Section        4  entry5.o(.ARM.Collect$$$$00000004)
    .ARM.Collect$$$$00000008                 0x080000c8   Section        0  entry7b.o(.ARM.Collect$$$$00000008)
    .ARM.Collect$$$$0000000A                 0x080000c8   Section        0  entry8b.o(.ARM.Collect$$$$0000000A)
    .ARM.Collect$$$$0000000B                 0x080000c8   Section        8  entry9a.o(.ARM.Collect$$$$0000000B)
    .ARM.Collect$$$$0000000D                 0x080000d0   Section        0  entry10a.o(.ARM.Collect$$$$0000000D)
    .ARM.Collect$$$$0000000F                 0x080000d0   Section        0  entry11a.o(.ARM.Collect$$$$0000000F)
    .ARM.Collect$$$$00002712                 0x080000d0   Section        4  entry2.o(.ARM.Collect$$$$00002712)
    __lit__00000000                          0x080000d0   Data           4  entry2.o(.ARM.Collect$$$$00002712)
    .text                                    0x080000d4   Section       28  keil_startup_hk32f030m.o(.text)
    .text                                    0x080000f0   Section        0  uidiv.o(.text)
    .text                                    0x0800011c   Section        0  fadd.o(.text)
    .text                                    0x080001ce   Section        0  fmul.o(.text)
    .text                                    0x08000248   Section        0  fdiv.o(.text)
    .text                                    0x080002c4   Section        0  ffltui.o(.text)
    .text                                    0x080002d2   Section        0  ffixui.o(.text)
    .text                                    0x080002fa   Section        0  f2d.o(.text)
    .text                                    0x08000324   Section       20  cfcmple.o(.text)
    .text                                    0x08000338   Section       20  cfrcmple.o(.text)
    .text                                    0x0800034c   Section        0  uldiv.o(.text)
    .text                                    0x080003ac   Section        0  iusefp.o(.text)
    .text                                    0x080003ac   Section        0  fepilogue.o(.text)
    .text                                    0x08000430   Section        0  dadd.o(.text)
    .text                                    0x08000594   Section        0  dmul.o(.text)
    .text                                    0x08000664   Section        0  ddiv.o(.text)
    .text                                    0x08000754   Section        0  dfixul.o(.text)
    .text                                    0x08000794   Section       40  cdrcmple.o(.text)
    .text                                    0x080007bc   Section       36  init.o(.text)
    .text                                    0x080007e0   Section        0  llshl.o(.text)
    .text                                    0x08000800   Section        0  llushr.o(.text)
    .text                                    0x08000822   Section        0  llsshr.o(.text)
    .text                                    0x08000848   Section        0  depilogue.o(.text)
    i.DelayMicroSeconds                      0x08000906   Section        0  sht3x.o(i.DelayMicroSeconds)
    i.GPIO_Init                              0x08000914   Section        0  hk32f030m_gpio.o(i.GPIO_Init)
    i.GPIO_PinAFConfig                       0x080009ba   Section        0  hk32f030m_gpio.o(i.GPIO_PinAFConfig)
    i.GPIO_ReadInputDataBit                  0x080009fe   Section        0  hk32f030m_gpio.o(i.GPIO_ReadInputDataBit)
    i.GPIO_ResetBits                         0x08000a12   Section        0  hk32f030m_gpio.o(i.GPIO_ResetBits)
    i.GPIO_SetBits                           0x08000a16   Section        0  hk32f030m_gpio.o(i.GPIO_SetBits)
    i.HardFault_Handler                      0x08000a1a   Section        0  hk32f030m_it.o(i.HardFault_Handler)
    i.I2c_ReadByte                           0x08000a20   Section        0  sht3x.o(i.I2c_ReadByte)
    i.I2c_StartCondition                     0x08000abc   Section        0  sht3x.o(i.I2c_StartCondition)
    i.I2c_StopCondition                      0x08000b00   Section        0  sht3x.o(i.I2c_StopCondition)
    i.I2c_WriteByte                          0x08000b44   Section        0  sht3x.o(i.I2c_WriteByte)
    i.NMI_Handler                            0x08000bd4   Section        0  hk32f030m_it.o(i.NMI_Handler)
    i.PendSV_Handler                         0x08000bd6   Section        0  hk32f030m_it.o(i.PendSV_Handler)
    i.RCC_AHBPeriphClockCmd                  0x08000bd8   Section        0  hk32f030m_rcc.o(i.RCC_AHBPeriphClockCmd)
    i.RCC_APB2PeriphClockCmd                 0x08000bf8   Section        0  hk32f030m_rcc.o(i.RCC_APB2PeriphClockCmd)
    i.RCC_GetClocksFreq                      0x08000c18   Section        0  hk32f030m_rcc.o(i.RCC_GetClocksFreq)
    i.SHT3X_CalcCrc                          0x08000d44   Section        0  sht3x.o(i.SHT3X_CalcCrc)
    SHT3X_CalcCrc                            0x08000d45   Thumb Code    62  sht3x.o(i.SHT3X_CalcCrc)
    i.SHT3X_CalcHumidity                     0x08000d84   Section        0  sht3x.o(i.SHT3X_CalcHumidity)
    SHT3X_CalcHumidity                       0x08000d85   Thumb Code    28  sht3x.o(i.SHT3X_CalcHumidity)
    i.SHT3X_CalcRawHumidity                  0x08000da8   Section        0  sht3x.o(i.SHT3X_CalcRawHumidity)
    SHT3X_CalcRawHumidity                    0x08000da9   Thumb Code    30  sht3x.o(i.SHT3X_CalcRawHumidity)
    i.SHT3X_CalcRawTemperature               0x08000dd0   Section        0  sht3x.o(i.SHT3X_CalcRawTemperature)
    SHT3X_CalcRawTemperature                 0x08000dd1   Thumb Code    38  sht3x.o(i.SHT3X_CalcRawTemperature)
    i.SHT3X_CalcTemperature                  0x08000e04   Section        0  sht3x.o(i.SHT3X_CalcTemperature)
    SHT3X_CalcTemperature                    0x08000e05   Thumb Code    36  sht3x.o(i.SHT3X_CalcTemperature)
    i.SHT3X_CheckCrc                         0x08000e34   Section        0  sht3x.o(i.SHT3X_CheckCrc)
    SHT3X_CheckCrc                           0x08000e35   Thumb Code    30  sht3x.o(i.SHT3X_CheckCrc)
    i.SHT3X_ClearAllAlertFlags               0x08000e54   Section        0  sht3x.o(i.SHT3X_ClearAllAlertFlags)
    i.SHT3X_GetTempAndHumi                   0x08000e74   Section        0  sht3x.o(i.SHT3X_GetTempAndHumi)
    i.SHT3X_GetTempAndHumiClkStretch         0x08000eb4   Section        0  sht3x.o(i.SHT3X_GetTempAndHumiClkStretch)
    i.SHT3X_GetTempAndHumiPolling            0x08000f4c   Section        0  sht3x.o(i.SHT3X_GetTempAndHumiPolling)
    i.SHT3X_HardReset                        0x08001004   Section        0  sht3x.o(i.SHT3X_HardReset)
    i.SHT3X_Init                             0x08001030   Section        0  sht3x.o(i.SHT3X_Init)
    i.SHT3X_Read2BytesAndCrc                 0x080010dc   Section        0  sht3x.o(i.SHT3X_Read2BytesAndCrc)
    SHT3X_Read2BytesAndCrc                   0x080010dd   Thumb Code    88  sht3x.o(i.SHT3X_Read2BytesAndCrc)
    i.SHT3X_ReadMeasurementBuffer            0x08001134   Section        0  sht3x.o(i.SHT3X_ReadMeasurementBuffer)
    i.SHT3X_ReadStatus                       0x08001198   Section        0  sht3x.o(i.SHT3X_ReadStatus)
    i.SHT3X_SetAlertLimits                   0x080011d4   Section        0  sht3x.o(i.SHT3X_SetAlertLimits)
    i.SHT3X_SetI2cAdr                        0x0800128c   Section        0  sht3x.o(i.SHT3X_SetI2cAdr)
    i.SHT3X_SoftReset                        0x08001298   Section        0  sht3x.o(i.SHT3X_SoftReset)
    i.SHT3X_StartPeriodicMeasurment          0x080012c4   Section        0  sht3x.o(i.SHT3X_StartPeriodicMeasurment)
    i.SHT3X_StartReadAccess                  0x080013f8   Section        0  sht3x.o(i.SHT3X_StartReadAccess)
    SHT3X_StartReadAccess                    0x080013f9   Thumb Code    26  sht3x.o(i.SHT3X_StartReadAccess)
    i.SHT3X_StartWriteAccess                 0x08001418   Section        0  sht3x.o(i.SHT3X_StartWriteAccess)
    SHT3X_StartWriteAccess                   0x08001419   Thumb Code    24  sht3x.o(i.SHT3X_StartWriteAccess)
    i.SHT3X_StopAccess                       0x08001434   Section        0  sht3x.o(i.SHT3X_StopAccess)
    SHT3X_StopAccess                         0x08001435   Thumb Code     8  sht3x.o(i.SHT3X_StopAccess)
    i.SHT3X_Write2BytesAndCrc                0x0800143c   Section        0  sht3x.o(i.SHT3X_Write2BytesAndCrc)
    SHT3X_Write2BytesAndCrc                  0x0800143d   Thumb Code    60  sht3x.o(i.SHT3X_Write2BytesAndCrc)
    i.SHT3X_WriteAlertLimitData              0x08001478   Section        0  sht3x.o(i.SHT3X_WriteAlertLimitData)
    SHT3X_WriteAlertLimitData                0x08001479   Thumb Code    90  sht3x.o(i.SHT3X_WriteAlertLimitData)
    i.SHT3X_WriteCommand                     0x080014e0   Section        0  sht3x.o(i.SHT3X_WriteCommand)
    SHT3X_WriteCommand                       0x080014e1   Thumb Code    24  sht3x.o(i.SHT3X_WriteCommand)
    i.SHT3x_ReadSerialNumber                 0x080014f8   Section        0  sht3x.o(i.SHT3x_ReadSerialNumber)
    i.SVC_Handler                            0x08001550   Section        0  hk32f030m_it.o(i.SVC_Handler)
    i.SetSysClock                            0x08001554   Section        0  system_hk32f030m.o(i.SetSysClock)
    SetSysClock                              0x08001555   Thumb Code    70  system_hk32f030m.o(i.SetSysClock)
    i.SetSysClockToHSI_32M                   0x080015a8   Section        0  system_hk32f030m.o(i.SetSysClockToHSI_32M)
    SetSysClockToHSI_32M                     0x080015a9   Thumb Code   220  system_hk32f030m.o(i.SetSysClockToHSI_32M)
    i.Sf_SDA_IN                              0x08001690   Section        0  sht3x.o(i.Sf_SDA_IN)
    i.Sf_SDA_OUT                             0x080016b4   Section        0  sht3x.o(i.Sf_SDA_OUT)
    i.Sf_SDA_READ                            0x080016d4   Section        0  sht3x.o(i.Sf_SDA_READ)
    i.SysTick_Handler                        0x080016e4   Section        0  hk32f030m_it.o(i.SysTick_Handler)
    i.SystemInit                             0x080016e8   Section        0  system_hk32f030m.o(i.SystemInit)
    i.USART_Cmd                              0x0800172c   Section        0  hk32f030m_usart.o(i.USART_Cmd)
    i.USART_Config                           0x08001744   Section        0  bsp_usart.o(i.USART_Config)
    i.USART_GetFlagStatus                    0x080017d0   Section        0  hk32f030m_usart.o(i.USART_GetFlagStatus)
    i.USART_Init                             0x080017e4   Section        0  hk32f030m_usart.o(i.USART_Init)
    i.USART_SendData                         0x080018bc   Section        0  hk32f030m_usart.o(i.USART_SendData)
    i.__0printf                              0x080018c4   Section        0  printfa.o(i.__0printf)
    i.__ARM_clz                              0x080018e4   Section        0  depilogue.o(i.__ARM_clz)
    i.__ARM_common_switch8                   0x08001912   Section        0  sht3x.o(i.__ARM_common_switch8)
    i.__scatterload_copy                     0x0800192e   Section       14  handlers.o(i.__scatterload_copy)
    i.__scatterload_null                     0x0800193c   Section        2  handlers.o(i.__scatterload_null)
    i.__scatterload_zeroinit                 0x0800193e   Section       14  handlers.o(i.__scatterload_zeroinit)
    i._fp_digits                             0x0800194c   Section        0  printfa.o(i._fp_digits)
    _fp_digits                               0x0800194d   Thumb Code   344  printfa.o(i._fp_digits)
    i._printf_core                           0x08001ac0   Section        0  printfa.o(i._printf_core)
    _printf_core                             0x08001ac1   Thumb Code  1754  printfa.o(i._printf_core)
    i._printf_post_padding                   0x080021ac   Section        0  printfa.o(i._printf_post_padding)
    _printf_post_padding                     0x080021ad   Thumb Code    32  printfa.o(i._printf_post_padding)
    i._printf_pre_padding                    0x080021cc   Section        0  printfa.o(i._printf_pre_padding)
    _printf_pre_padding                      0x080021cd   Thumb Code    44  printfa.o(i._printf_pre_padding)
    i.fputc                                  0x080021f8   Section        0  bsp_usart.o(i.fputc)
    i.main                                   0x0800221c   Section        0  main.o(i.main)
    .constdata                               0x08002370   Section       40  hk32f030m_rcc.o(.constdata)
    .data                                    0x20000000   Section       10  sht3x.o(.data)
    _i2cAddress                              0x20000000   Data           1  sht3x.o(.data)
    .data                                    0x2000000c   Section        4  stdout.o(.data)
    STACK                                    0x20000010   Section      512  keil_startup_hk32f030m.o(STACK)

    Global Symbols

    Symbol Name                              Value     Ov Type        Size  Object(Section)

    BuildAttributes$$THM_ISAv3M$S$PE$A:L22$X:L11$S22$IEEE1$IW$USESV6$~STKCKD$USESV7$~SHL$OTIME$ROPI$EBA8$MICROLIB$REQ8$PRES8$EABIv2 0x00000000   Number         0  anon$$obj.o ABSOLUTE
    __ARM_use_no_argv                        0x00000000   Number         0  main.o ABSOLUTE
    _printf_a                                0x00000000   Number         0  stubs.o ABSOLUTE
    _printf_c                                0x00000000   Number         0  stubs.o ABSOLUTE
    _printf_charcount                        0x00000000   Number         0  stubs.o ABSOLUTE
    _printf_d                                0x00000000   Number         0  stubs.o ABSOLUTE
    _printf_e                                0x00000000   Number         0  stubs.o ABSOLUTE
    _printf_f                                0x00000000   Number         0  stubs.o ABSOLUTE
    _printf_flags                            0x00000000   Number         0  stubs.o ABSOLUTE
    _printf_fp_dec                           0x00000000   Number         0  stubs.o ABSOLUTE
    _printf_fp_hex                           0x00000000   Number         0  stubs.o ABSOLUTE
    _printf_g                                0x00000000   Number         0  stubs.o ABSOLUTE
    _printf_i                                0x00000000   Number         0  stubs.o ABSOLUTE
    _printf_int_dec                          0x00000000   Number         0  stubs.o ABSOLUTE
    _printf_l                                0x00000000   Number         0  stubs.o ABSOLUTE
    _printf_lc                               0x00000000   Number         0  stubs.o ABSOLUTE
    _printf_ll                               0x00000000   Number         0  stubs.o ABSOLUTE
    _printf_lld                              0x00000000   Number         0  stubs.o ABSOLUTE
    _printf_lli                              0x00000000   Number         0  stubs.o ABSOLUTE
    _printf_llo                              0x00000000   Number         0  stubs.o ABSOLUTE
    _printf_llu                              0x00000000   Number         0  stubs.o ABSOLUTE
    _printf_llx                              0x00000000   Number         0  stubs.o ABSOLUTE
    _printf_longlong_dec                     0x00000000   Number         0  stubs.o ABSOLUTE
    _printf_longlong_hex                     0x00000000   Number         0  stubs.o ABSOLUTE
    _printf_longlong_oct                     0x00000000   Number         0  stubs.o ABSOLUTE
    _printf_ls                               0x00000000   Number         0  stubs.o ABSOLUTE
    _printf_mbtowc                           0x00000000   Number         0  stubs.o ABSOLUTE
    _printf_n                                0x00000000   Number         0  stubs.o ABSOLUTE
    _printf_o                                0x00000000   Number         0  stubs.o ABSOLUTE
    _printf_p                                0x00000000   Number         0  stubs.o ABSOLUTE
    _printf_percent                          0x00000000   Number         0  stubs.o ABSOLUTE
    _printf_pre_padding                      0x00000000   Number         0  stubs.o ABSOLUTE
    _printf_return_value                     0x00000000   Number         0  stubs.o ABSOLUTE
    _printf_s                                0x00000000   Number         0  stubs.o ABSOLUTE
    _printf_sizespec                         0x00000000   Number         0  stubs.o ABSOLUTE
    _printf_str                              0x00000000   Number         0  stubs.o ABSOLUTE
    _printf_truncate_signed                  0x00000000   Number         0  stubs.o ABSOLUTE
    _printf_truncate_unsigned                0x00000000   Number         0  stubs.o ABSOLUTE
    _printf_u                                0x00000000   Number         0  stubs.o ABSOLUTE
    _printf_wc                               0x00000000   Number         0  stubs.o ABSOLUTE
    _printf_wctomb                           0x00000000   Number         0  stubs.o ABSOLUTE
    _printf_widthprec                        0x00000000   Number         0  stubs.o ABSOLUTE
    _printf_x                                0x00000000   Number         0  stubs.o ABSOLUTE
    __cpp_initialize__aeabi_                  - Undefined Weak Reference
    __cxa_finalize                            - Undefined Weak Reference
    __decompress                              - Undefined Weak Reference
    _clock_init                               - Undefined Weak Reference
    _microlib_exit                            - Undefined Weak Reference
    __Vectors_Size                           0x000000c0   Number         0  keil_startup_hk32f030m.o ABSOLUTE
    __Vectors                                0x08000000   Data           4  keil_startup_hk32f030m.o(RESET)
    __Vectors_End                            0x080000c0   Data           0  keil_startup_hk32f030m.o(RESET)
    __main                                   0x080000c1   Thumb Code     0  entry.o(.ARM.Collect$$$$00000000)
    _main_stk                                0x080000c1   Thumb Code     0  entry2.o(.ARM.Collect$$$$00000001)
    _main_scatterload                        0x080000c5   Thumb Code     0  entry5.o(.ARM.Collect$$$$00000004)
    __main_after_scatterload                 0x080000c9   Thumb Code     0  entry5.o(.ARM.Collect$$$$00000004)
    _main_clock                              0x080000c9   Thumb Code     0  entry7b.o(.ARM.Collect$$$$00000008)
    _main_cpp_init                           0x080000c9   Thumb Code     0  entry8b.o(.ARM.Collect$$$$0000000A)
    _main_init                               0x080000c9   Thumb Code     0  entry9a.o(.ARM.Collect$$$$0000000B)
    __rt_final_cpp                           0x080000d1   Thumb Code     0  entry10a.o(.ARM.Collect$$$$0000000D)
    __rt_final_exit                          0x080000d1   Thumb Code     0  entry11a.o(.ARM.Collect$$$$0000000F)
    Reset_Handler                            0x080000d5   Thumb Code     8  keil_startup_hk32f030m.o(.text)
    ADC1_IRQHandler                          0x080000e7   Thumb Code     0  keil_startup_hk32f030m.o(.text)
    EXTI0_IRQHandler                         0x080000e7   Thumb Code     0  keil_startup_hk32f030m.o(.text)
    EXTI11_IRQHandler                        0x080000e7   Thumb Code     0  keil_startup_hk32f030m.o(.text)
    EXTI1_IRQHandler                         0x080000e7   Thumb Code     0  keil_startup_hk32f030m.o(.text)
    EXTI2_IRQHandler                         0x080000e7   Thumb Code     0  keil_startup_hk32f030m.o(.text)
    EXTI3_IRQHandler                         0x080000e7   Thumb Code     0  keil_startup_hk32f030m.o(.text)
    EXTI4_IRQHandler                         0x080000e7   Thumb Code     0  keil_startup_hk32f030m.o(.text)
    EXTI5_IRQHandler                         0x080000e7   Thumb Code     0  keil_startup_hk32f030m.o(.text)
    EXTI6_IRQHandler                         0x080000e7   Thumb Code     0  keil_startup_hk32f030m.o(.text)
    EXTI7_IRQHandler                         0x080000e7   Thumb Code     0  keil_startup_hk32f030m.o(.text)
    FLASH_IRQHandler                         0x080000e7   Thumb Code     0  keil_startup_hk32f030m.o(.text)
    I2C1_IRQHandler                          0x080000e7   Thumb Code     0  keil_startup_hk32f030m.o(.text)
    RCC_IRQHandler                           0x080000e7   Thumb Code     0  keil_startup_hk32f030m.o(.text)
    SPI1_IRQHandler                          0x080000e7   Thumb Code     0  keil_startup_hk32f030m.o(.text)
    TIM1_BRK_IRQHandler                      0x080000e7   Thumb Code     0  keil_startup_hk32f030m.o(.text)
    TIM1_CC_IRQHandler                       0x080000e7   Thumb Code     0  keil_startup_hk32f030m.o(.text)
    TIM1_UP_TRG_COM_IRQHandler               0x080000e7   Thumb Code     0  keil_startup_hk32f030m.o(.text)
    TIM2_IRQHandler                          0x080000e7   Thumb Code     0  keil_startup_hk32f030m.o(.text)
    TIM6_IRQHandler                          0x080000e7   Thumb Code     0  keil_startup_hk32f030m.o(.text)
    USART1_IRQHandler                        0x080000e7   Thumb Code     0  keil_startup_hk32f030m.o(.text)
    WWDG_IRQHandler                          0x080000e7   Thumb Code     0  keil_startup_hk32f030m.o(.text)
    __aeabi_uidiv                            0x080000f1   Thumb Code     0  uidiv.o(.text)
    __aeabi_uidivmod                         0x080000f1   Thumb Code    44  uidiv.o(.text)
    __aeabi_fadd                             0x0800011d   Thumb Code   162  fadd.o(.text)
    __aeabi_fsub                             0x080001bf   Thumb Code     8  fadd.o(.text)
    __aeabi_frsub                            0x080001c7   Thumb Code     8  fadd.o(.text)
    __aeabi_fmul                             0x080001cf   Thumb Code   122  fmul.o(.text)
    __aeabi_fdiv                             0x08000249   Thumb Code   124  fdiv.o(.text)
    __aeabi_ui2f                             0x080002c5   Thumb Code    14  ffltui.o(.text)
    __aeabi_f2uiz                            0x080002d3   Thumb Code    40  ffixui.o(.text)
    __aeabi_f2d                              0x080002fb   Thumb Code    40  f2d.o(.text)
    __aeabi_cfcmpeq                          0x08000325   Thumb Code     0  cfcmple.o(.text)
    __aeabi_cfcmple                          0x08000325   Thumb Code    20  cfcmple.o(.text)
    __aeabi_cfrcmple                         0x08000339   Thumb Code    20  cfrcmple.o(.text)
    __aeabi_uldivmod                         0x0800034d   Thumb Code    96  uldiv.o(.text)
    __I$use$fp                               0x080003ad   Thumb Code     0  iusefp.o(.text)
    _float_round                             0x080003ad   Thumb Code    16  fepilogue.o(.text)
    _float_epilogue                          0x080003bd   Thumb Code   114  fepilogue.o(.text)
    __aeabi_dadd                             0x08000431   Thumb Code   328  dadd.o(.text)
    __aeabi_dsub                             0x08000579   Thumb Code    12  dadd.o(.text)
    __aeabi_drsub                            0x08000585   Thumb Code    12  dadd.o(.text)
    __aeabi_dmul                             0x08000595   Thumb Code   202  dmul.o(.text)
    __aeabi_ddiv                             0x08000665   Thumb Code   234  ddiv.o(.text)
    __aeabi_d2ulz                            0x08000755   Thumb Code    54  dfixul.o(.text)
    __aeabi_cdrcmple                         0x08000795   Thumb Code    38  cdrcmple.o(.text)
    __scatterload                            0x080007bd   Thumb Code    28  init.o(.text)
    __scatterload_rt2                        0x080007bd   Thumb Code     0  init.o(.text)
    __aeabi_llsl                             0x080007e1   Thumb Code    32  llshl.o(.text)
    _ll_shift_l                              0x080007e1   Thumb Code     0  llshl.o(.text)
    __aeabi_llsr                             0x08000801   Thumb Code    34  llushr.o(.text)
    _ll_ushift_r                             0x08000801   Thumb Code     0  llushr.o(.text)
    __aeabi_lasr                             0x08000823   Thumb Code    38  llsshr.o(.text)
    _ll_sshift_r                             0x08000823   Thumb Code     0  llsshr.o(.text)
    _double_round                            0x08000849   Thumb Code    26  depilogue.o(.text)
    _double_epilogue                         0x08000863   Thumb Code   164  depilogue.o(.text)
    DelayMicroSeconds                        0x08000907   Thumb Code    14  sht3x.o(i.DelayMicroSeconds)
    GPIO_Init                                0x08000915   Thumb Code   166  hk32f030m_gpio.o(i.GPIO_Init)
    GPIO_PinAFConfig                         0x080009bb   Thumb Code    68  hk32f030m_gpio.o(i.GPIO_PinAFConfig)
    GPIO_ReadInputDataBit                    0x080009ff   Thumb Code    20  hk32f030m_gpio.o(i.GPIO_ReadInputDataBit)
    GPIO_ResetBits                           0x08000a13   Thumb Code     4  hk32f030m_gpio.o(i.GPIO_ResetBits)
    GPIO_SetBits                             0x08000a17   Thumb Code     4  hk32f030m_gpio.o(i.GPIO_SetBits)
    HardFault_Handler                        0x08000a1b   Thumb Code     4  hk32f030m_it.o(i.HardFault_Handler)
    I2c_ReadByte                             0x08000a21   Thumb Code   152  sht3x.o(i.I2c_ReadByte)
    I2c_StartCondition                       0x08000abd   Thumb Code    64  sht3x.o(i.I2c_StartCondition)
    I2c_StopCondition                        0x08000b01   Thumb Code    64  sht3x.o(i.I2c_StopCondition)
    I2c_WriteByte                            0x08000b45   Thumb Code   140  sht3x.o(i.I2c_WriteByte)
    NMI_Handler                              0x08000bd5   Thumb Code     2  hk32f030m_it.o(i.NMI_Handler)
    PendSV_Handler                           0x08000bd7   Thumb Code     2  hk32f030m_it.o(i.PendSV_Handler)
    RCC_AHBPeriphClockCmd                    0x08000bd9   Thumb Code    28  hk32f030m_rcc.o(i.RCC_AHBPeriphClockCmd)
    RCC_APB2PeriphClockCmd                   0x08000bf9   Thumb Code    28  hk32f030m_rcc.o(i.RCC_APB2PeriphClockCmd)
    RCC_GetClocksFreq                        0x08000c19   Thumb Code   274  hk32f030m_rcc.o(i.RCC_GetClocksFreq)
    SHT3X_ClearAllAlertFlags                 0x08000e55   Thumb Code    28  sht3x.o(i.SHT3X_ClearAllAlertFlags)
    SHT3X_GetTempAndHumi                     0x08000e75   Thumb Code    64  sht3x.o(i.SHT3X_GetTempAndHumi)
    SHT3X_GetTempAndHumiClkStretch           0x08000eb5   Thumb Code   148  sht3x.o(i.SHT3X_GetTempAndHumiClkStretch)
    SHT3X_GetTempAndHumiPolling              0x08000f4d   Thumb Code   180  sht3x.o(i.SHT3X_GetTempAndHumiPolling)
    SHT3X_HardReset                          0x08001005   Thumb Code    36  sht3x.o(i.SHT3X_HardReset)
    SHT3X_Init                               0x08001031   Thumb Code   168  sht3x.o(i.SHT3X_Init)
    SHT3X_ReadMeasurementBuffer              0x08001135   Thumb Code   100  sht3x.o(i.SHT3X_ReadMeasurementBuffer)
    SHT3X_ReadStatus                         0x08001199   Thumb Code    56  sht3x.o(i.SHT3X_ReadStatus)
    SHT3X_SetAlertLimits                     0x080011d5   Thumb Code   178  sht3x.o(i.SHT3X_SetAlertLimits)
    SHT3X_SetI2cAdr                          0x0800128d   Thumb Code     6  sht3x.o(i.SHT3X_SetI2cAdr)
    SHT3X_SoftReset                          0x08001299   Thumb Code    34  sht3x.o(i.SHT3X_SoftReset)
    SHT3X_StartPeriodicMeasurment            0x080012c5   Thumb Code   292  sht3x.o(i.SHT3X_StartPeriodicMeasurment)
    SHT3x_ReadSerialNumber                   0x080014f9   Thumb Code    88  sht3x.o(i.SHT3x_ReadSerialNumber)
    SVC_Handler                              0x08001551   Thumb Code     2  hk32f030m_it.o(i.SVC_Handler)
    Sf_SDA_IN                                0x08001691   Thumb Code    30  sht3x.o(i.Sf_SDA_IN)
    Sf_SDA_OUT                               0x080016b5   Thumb Code    28  sht3x.o(i.Sf_SDA_OUT)
    Sf_SDA_READ                              0x080016d5   Thumb Code    12  sht3x.o(i.Sf_SDA_READ)
    SysTick_Handler                          0x080016e5   Thumb Code     2  hk32f030m_it.o(i.SysTick_Handler)
    SystemInit                               0x080016e9   Thumb Code    54  system_hk32f030m.o(i.SystemInit)
    USART_Cmd                                0x0800172d   Thumb Code    24  hk32f030m_usart.o(i.USART_Cmd)
    USART_Config                             0x08001745   Thumb Code   132  bsp_usart.o(i.USART_Config)
    USART_GetFlagStatus                      0x080017d1   Thumb Code    20  hk32f030m_usart.o(i.USART_GetFlagStatus)
    USART_Init                               0x080017e5   Thumb Code   204  hk32f030m_usart.o(i.USART_Init)
    USART_SendData                           0x080018bd   Thumb Code     8  hk32f030m_usart.o(i.USART_SendData)
    __0printf                                0x080018c5   Thumb Code    24  printfa.o(i.__0printf)
    __1printf                                0x080018c5   Thumb Code     0  printfa.o(i.__0printf)
    __2printf                                0x080018c5   Thumb Code     0  printfa.o(i.__0printf)
    __c89printf                              0x080018c5   Thumb Code     0  printfa.o(i.__0printf)
    printf                                   0x080018c5   Thumb Code     0  printfa.o(i.__0printf)
    __ARM_clz                                0x080018e5   Thumb Code    46  depilogue.o(i.__ARM_clz)
    __ARM_common_switch8                     0x08001913   Thumb Code    28  sht3x.o(i.__ARM_common_switch8)
    __scatterload_copy                       0x0800192f   Thumb Code    14  handlers.o(i.__scatterload_copy)
    __scatterload_null                       0x0800193d   Thumb Code     2  handlers.o(i.__scatterload_null)
    __scatterload_zeroinit                   0x0800193f   Thumb Code    14  handlers.o(i.__scatterload_zeroinit)
    fputc                                    0x080021f9   Thumb Code    32  bsp_usart.o(i.fputc)
    main                                     0x0800221d   Thumb Code   250  main.o(i.main)
    AHBPrescTable                            0x08002370   Data          32  hk32f030m_rcc.o(.constdata)
    APBPrescTable                            0x08002390   Data           8  hk32f030m_rcc.o(.constdata)
    Region$$Table$$Base                      0x08002398   Number         0  anon$$obj.o(Region$$Table)
    Region$$Table$$Limit                     0x080023b8   Number         0  anon$$obj.o(Region$$Table)
    SHTAddress                               0x20000002   Data           2  sht3x.o(.data)
    SHTTimeout                               0x20000004   Data           4  sht3x.o(.data)
    SHTDataNum                               0x20000008   Data           2  sht3x.o(.data)
    __stdout                                 0x2000000c   Data           4  stdout.o(.data)
    __initial_sp                             0x20000210   Data           0  keil_startup_hk32f030m.o(STACK)



==============================================================================

Memory Map of the image

  Image Entry point : 0x080000c1

  Load Region LR_IROM1 (Base: 0x08000000, Size: 0x000023c8, Max: 0x00004000, ABSOLUTE)

    Execution Region ER_IROM1 (Exec base: 0x08000000, Load base: 0x08000000, Size: 0x000023b8, Max: 0x00004000, ABSOLUTE)

    Exec Addr    Load Addr    Size         Type   Attr      Idx    E Section Name        Object

    0x08000000   0x08000000   0x000000c0   Data   RO         3071    RESET               keil_startup_hk32f030m.o
    0x080000c0   0x080000c0   0x00000000   Code   RO         3076  * .ARM.Collect$$$$00000000  mc_p.l(entry.o)
    0x080000c0   0x080000c0   0x00000004   Code   RO         3358    .ARM.Collect$$$$00000001  mc_p.l(entry2.o)
    0x080000c4   0x080000c4   0x00000004   Code   RO         3361    .ARM.Collect$$$$00000004  mc_p.l(entry5.o)
    0x080000c8   0x080000c8   0x00000000   Code   RO         3363    .ARM.Collect$$$$00000008  mc_p.l(entry7b.o)
    0x080000c8   0x080000c8   0x00000000   Code   RO         3365    .ARM.Collect$$$$0000000A  mc_p.l(entry8b.o)
    0x080000c8   0x080000c8   0x00000008   Code   RO         3366    .ARM.Collect$$$$0000000B  mc_p.l(entry9a.o)
    0x080000d0   0x080000d0   0x00000000   Code   RO         3368    .ARM.Collect$$$$0000000D  mc_p.l(entry10a.o)
    0x080000d0   0x080000d0   0x00000000   Code   RO         3370    .ARM.Collect$$$$0000000F  mc_p.l(entry11a.o)
    0x080000d0   0x080000d0   0x00000004   Code   RO         3359    .ARM.Collect$$$$00002712  mc_p.l(entry2.o)
    0x080000d4   0x080000d4   0x0000001c   Code   RO         3072    .text               keil_startup_hk32f030m.o
    0x080000f0   0x080000f0   0x0000002c   Code   RO         3079    .text               mc_p.l(uidiv.o)
    0x0800011c   0x0800011c   0x000000b2   Code   RO         3342    .text               mf_p.l(fadd.o)
    0x080001ce   0x080001ce   0x0000007a   Code   RO         3344    .text               mf_p.l(fmul.o)
    0x08000248   0x08000248   0x0000007c   Code   RO         3346    .text               mf_p.l(fdiv.o)
    0x080002c4   0x080002c4   0x0000000e   Code   RO         3348    .text               mf_p.l(ffltui.o)
    0x080002d2   0x080002d2   0x00000028   Code   RO         3350    .text               mf_p.l(ffixui.o)
    0x080002fa   0x080002fa   0x00000028   Code   RO         3352    .text               mf_p.l(f2d.o)
    0x08000322   0x08000322   0x00000002   PAD
    0x08000324   0x08000324   0x00000014   Code   RO         3354    .text               mf_p.l(cfcmple.o)
    0x08000338   0x08000338   0x00000014   Code   RO         3356    .text               mf_p.l(cfrcmple.o)
    0x0800034c   0x0800034c   0x00000060   Code   RO         3373    .text               mc_p.l(uldiv.o)
    0x080003ac   0x080003ac   0x00000000   Code   RO         3375    .text               mc_p.l(iusefp.o)
    0x080003ac   0x080003ac   0x00000082   Code   RO         3376    .text               mf_p.l(fepilogue.o)
    0x0800042e   0x0800042e   0x00000002   PAD
    0x08000430   0x08000430   0x00000164   Code   RO         3378    .text               mf_p.l(dadd.o)
    0x08000594   0x08000594   0x000000d0   Code   RO         3380    .text               mf_p.l(dmul.o)
    0x08000664   0x08000664   0x000000f0   Code   RO         3382    .text               mf_p.l(ddiv.o)
    0x08000754   0x08000754   0x00000040   Code   RO         3384    .text               mf_p.l(dfixul.o)
    0x08000794   0x08000794   0x00000028   Code   RO         3386    .text               mf_p.l(cdrcmple.o)
    0x080007bc   0x080007bc   0x00000024   Code   RO         3388    .text               mc_p.l(init.o)
    0x080007e0   0x080007e0   0x00000020   Code   RO         3390    .text               mc_p.l(llshl.o)
    0x08000800   0x08000800   0x00000022   Code   RO         3392    .text               mc_p.l(llushr.o)
    0x08000822   0x08000822   0x00000026   Code   RO         3394    .text               mc_p.l(llsshr.o)
    0x08000848   0x08000848   0x000000be   Code   RO         3396    .text               mf_p.l(depilogue.o)
    0x08000906   0x08000906   0x0000000e   Code   RO          262    i.DelayMicroSeconds  sht3x.o
    0x08000914   0x08000914   0x000000a6   Code   RO         1160    i.GPIO_Init         hk32f030m_gpio.o
    0x080009ba   0x080009ba   0x00000044   Code   RO         1161    i.GPIO_PinAFConfig  hk32f030m_gpio.o
    0x080009fe   0x080009fe   0x00000014   Code   RO         1164    i.GPIO_ReadInputDataBit  hk32f030m_gpio.o
    0x08000a12   0x08000a12   0x00000004   Code   RO         1167    i.GPIO_ResetBits    hk32f030m_gpio.o
    0x08000a16   0x08000a16   0x00000004   Code   RO         1168    i.GPIO_SetBits      hk32f030m_gpio.o
    0x08000a1a   0x08000a1a   0x00000004   Code   RO            3    i.HardFault_Handler  hk32f030m_it.o
    0x08000a1e   0x08000a1e   0x00000002   PAD
    0x08000a20   0x08000a20   0x0000009c   Code   RO          264    i.I2c_ReadByte      sht3x.o
    0x08000abc   0x08000abc   0x00000044   Code   RO          265    i.I2c_StartCondition  sht3x.o
    0x08000b00   0x08000b00   0x00000044   Code   RO          266    i.I2c_StopCondition  sht3x.o
    0x08000b44   0x08000b44   0x00000090   Code   RO          267    i.I2c_WriteByte     sht3x.o
    0x08000bd4   0x08000bd4   0x00000002   Code   RO            4    i.NMI_Handler       hk32f030m_it.o
    0x08000bd6   0x08000bd6   0x00000002   Code   RO            5    i.PendSV_Handler    hk32f030m_it.o
    0x08000bd8   0x08000bd8   0x00000020   Code   RO         1690    i.RCC_AHBPeriphClockCmd  hk32f030m_rcc.o
    0x08000bf8   0x08000bf8   0x00000020   Code   RO         1694    i.RCC_APB2PeriphClockCmd  hk32f030m_rcc.o
    0x08000c18   0x08000c18   0x0000012c   Code   RO         1702    i.RCC_GetClocksFreq  hk32f030m_rcc.o
    0x08000d44   0x08000d44   0x0000003e   Code   RO          268    i.SHT3X_CalcCrc     sht3x.o
    0x08000d82   0x08000d82   0x00000002   PAD
    0x08000d84   0x08000d84   0x00000024   Code   RO          269    i.SHT3X_CalcHumidity  sht3x.o
    0x08000da8   0x08000da8   0x00000028   Code   RO          270    i.SHT3X_CalcRawHumidity  sht3x.o
    0x08000dd0   0x08000dd0   0x00000034   Code   RO          271    i.SHT3X_CalcRawTemperature  sht3x.o
    0x08000e04   0x08000e04   0x00000030   Code   RO          272    i.SHT3X_CalcTemperature  sht3x.o
    0x08000e34   0x08000e34   0x0000001e   Code   RO          273    i.SHT3X_CheckCrc    sht3x.o
    0x08000e52   0x08000e52   0x00000002   PAD
    0x08000e54   0x08000e54   0x00000020   Code   RO          274    i.SHT3X_ClearAllAlertFlags  sht3x.o
    0x08000e74   0x08000e74   0x00000040   Code   RO          278    i.SHT3X_GetTempAndHumi  sht3x.o
    0x08000eb4   0x08000eb4   0x00000098   Code   RO          279    i.SHT3X_GetTempAndHumiClkStretch  sht3x.o
    0x08000f4c   0x08000f4c   0x000000b8   Code   RO          280    i.SHT3X_GetTempAndHumiPolling  sht3x.o
    0x08001004   0x08001004   0x0000002c   Code   RO          281    i.SHT3X_HardReset   sht3x.o
    0x08001030   0x08001030   0x000000ac   Code   RO          282    i.SHT3X_Init        sht3x.o
    0x080010dc   0x080010dc   0x00000058   Code   RO          283    i.SHT3X_Read2BytesAndCrc  sht3x.o
    0x08001134   0x08001134   0x00000064   Code   RO          286    i.SHT3X_ReadMeasurementBuffer  sht3x.o
    0x08001198   0x08001198   0x0000003c   Code   RO          287    i.SHT3X_ReadStatus  sht3x.o
    0x080011d4   0x080011d4   0x000000b8   Code   RO          288    i.SHT3X_SetAlertLimits  sht3x.o
    0x0800128c   0x0800128c   0x0000000c   Code   RO          289    i.SHT3X_SetI2cAdr   sht3x.o
    0x08001298   0x08001298   0x0000002c   Code   RO          290    i.SHT3X_SoftReset   sht3x.o
    0x080012c4   0x080012c4   0x00000134   Code   RO          291    i.SHT3X_StartPeriodicMeasurment  sht3x.o
    0x080013f8   0x080013f8   0x00000020   Code   RO          292    i.SHT3X_StartReadAccess  sht3x.o
    0x08001418   0x08001418   0x0000001c   Code   RO          293    i.SHT3X_StartWriteAccess  sht3x.o
    0x08001434   0x08001434   0x00000008   Code   RO          294    i.SHT3X_StopAccess  sht3x.o
    0x0800143c   0x0800143c   0x0000003c   Code   RO          295    i.SHT3X_Write2BytesAndCrc  sht3x.o
    0x08001478   0x08001478   0x00000068   Code   RO          296    i.SHT3X_WriteAlertLimitData  sht3x.o
    0x080014e0   0x080014e0   0x00000018   Code   RO          297    i.SHT3X_WriteCommand  sht3x.o
    0x080014f8   0x080014f8   0x00000058   Code   RO          298    i.SHT3x_ReadSerialNumber  sht3x.o
    0x08001550   0x08001550   0x00000002   Code   RO            6    i.SVC_Handler       hk32f030m_it.o
    0x08001552   0x08001552   0x00000002   PAD
    0x08001554   0x08001554   0x00000054   Code   RO         3024    i.SetSysClock       system_hk32f030m.o
    0x080015a8   0x080015a8   0x000000e8   Code   RO         3025    i.SetSysClockToHSI_32M  system_hk32f030m.o
    0x08001690   0x08001690   0x00000024   Code   RO          300    i.Sf_SDA_IN         sht3x.o
    0x080016b4   0x080016b4   0x00000020   Code   RO          301    i.Sf_SDA_OUT        sht3x.o
    0x080016d4   0x080016d4   0x00000010   Code   RO          302    i.Sf_SDA_READ       sht3x.o
    0x080016e4   0x080016e4   0x00000002   Code   RO            7    i.SysTick_Handler   hk32f030m_it.o
    0x080016e6   0x080016e6   0x00000002   PAD
    0x080016e8   0x080016e8   0x00000044   Code   RO         3027    i.SystemInit        system_hk32f030m.o
    0x0800172c   0x0800172c   0x00000018   Code   RO         2665    i.USART_Cmd         hk32f030m_usart.o
    0x08001744   0x08001744   0x0000008c   Code   RO          173    i.USART_Config      bsp_usart.o
    0x080017d0   0x080017d0   0x00000014   Code   RO         2671    i.USART_GetFlagStatus  hk32f030m_usart.o
    0x080017e4   0x080017e4   0x000000d8   Code   RO         2675    i.USART_Init        hk32f030m_usart.o
    0x080018bc   0x080018bc   0x00000008   Code   RO         2692    i.USART_SendData    hk32f030m_usart.o
    0x080018c4   0x080018c4   0x00000020   Code   RO         3314    i.__0printf         mc_p.l(printfa.o)
    0x080018e4   0x080018e4   0x0000002e   Code   RO         3398    i.__ARM_clz         mf_p.l(depilogue.o)
    0x08001912   0x08001912   0x0000001c   Code   RO          506    i.__ARM_common_switch8  sht3x.o
    0x0800192e   0x0800192e   0x0000000e   Code   RO         3402    i.__scatterload_copy  mc_p.l(handlers.o)
    0x0800193c   0x0800193c   0x00000002   Code   RO         3403    i.__scatterload_null  mc_p.l(handlers.o)
    0x0800193e   0x0800193e   0x0000000e   Code   RO         3404    i.__scatterload_zeroinit  mc_p.l(handlers.o)
    0x0800194c   0x0800194c   0x00000174   Code   RO         3321    i._fp_digits        mc_p.l(printfa.o)
    0x08001ac0   0x08001ac0   0x000006ec   Code   RO         3322    i._printf_core      mc_p.l(printfa.o)
    0x080021ac   0x080021ac   0x00000020   Code   RO         3323    i._printf_post_padding  mc_p.l(printfa.o)
    0x080021cc   0x080021cc   0x0000002c   Code   RO         3324    i._printf_pre_padding  mc_p.l(printfa.o)
    0x080021f8   0x080021f8   0x00000024   Code   RO          179    i.fputc             bsp_usart.o
    0x0800221c   0x0800221c   0x00000154   Code   RO          142    i.main              main.o
    0x08002370   0x08002370   0x00000028   Data   RO         1716    .constdata          hk32f030m_rcc.o
    0x08002398   0x08002398   0x00000020   Data   RO         3400    Region$$Table       anon$$obj.o


    Execution Region RW_IRAM1 (Exec base: 0x20000000, Load base: 0x080023b8, Size: 0x00000210, Max: 0x00000800, ABSOLUTE)

    Exec Addr    Load Addr    Size         Type   Attr      Idx    E Section Name        Object

    0x20000000   0x080023b8   0x0000000a   Data   RW          303    .data               sht3x.o
    0x2000000a   0x080023c2   0x00000002   PAD
    0x2000000c   0x080023c4   0x00000004   Data   RW         3372    .data               mc_p.l(stdout.o)
    0x20000010        -       0x00000200   Zero   RW         3069    STACK               keil_startup_hk32f030m.o


==============================================================================

Image component sizes


      Code (inc. data)   RO Data    RW Data    ZI Data      Debug   Object Name

       176         12          0          0          0       2835   bsp_usart.o
       262          0          0          0          0       3675   hk32f030m_gpio.o
        12          0          0          0          0     171623   hk32f030m_it.o
       364         34         40          0          0       2855   hk32f030m_rcc.o
       268         12          0          0          0       3360   hk32f030m_usart.o
        28          8        192          0        512        672   keil_startup_hk32f030m.o
       340         90          0          0          0       3475   main.o
      2618        188          0         10          0      24003   sht3x.o
       384         40          0          0          0       2553   system_hk32f030m.o

    ----------------------------------------------------------------------
      4462        384        264         12        512     215051   Object Totals
         0          0         32          0          0          0   (incl. Generated)
        10          0          0          2          0          0   (incl. Padding)

    ----------------------------------------------------------------------

      Code (inc. data)   RO Data    RW Data    ZI Data      Debug   Library Member Name

         0          0          0          0          0          0   entry.o
         0          0          0          0          0          0   entry10a.o
         0          0          0          0          0          0   entry11a.o
         8          4          0          0          0          0   entry2.o
         4          0          0          0          0          0   entry5.o
         0          0          0          0          0          0   entry7b.o
         0          0          0          0          0          0   entry8b.o
         8          4          0          0          0          0   entry9a.o
        30          0          0          0          0          0   handlers.o
        36          8          0          0          0         68   init.o
         0          0          0          0          0          0   iusefp.o
        32          0          0          0          0         68   llshl.o
        38          0          0          0          0         68   llsshr.o
        34          0          0          0          0         68   llushr.o
      2252         98          0          0          0        412   printfa.o
         0          0          0          4          0          0   stdout.o
        44          0          0          0          0         72   uidiv.o
        96          0          0          0          0         84   uldiv.o
        40          2          0          0          0         68   cdrcmple.o
        20          0          0          0          0         68   cfcmple.o
        20          0          0          0          0         68   cfrcmple.o
       356          4          0          0          0        140   dadd.o
       240          6          0          0          0         84   ddiv.o
       236          0          0          0          0        216   depilogue.o
        64         10          0          0          0         68   dfixul.o
       208          6          0          0          0         88   dmul.o
        40          0          0          0          0         60   f2d.o
       178          0          0          0          0        108   fadd.o
       124          0          0          0          0         72   fdiv.o
       130          0          0          0          0        144   fepilogue.o
        40          0          0          0          0         60   ffixui.o
        14          0          0          0          0         68   ffltui.o
       122          0          0          0          0         72   fmul.o

    ----------------------------------------------------------------------
      4418        142          0          4          0       2224   Library Totals
         4          0          0          0          0          0   (incl. Padding)

    ----------------------------------------------------------------------

      Code (inc. data)   RO Data    RW Data    ZI Data      Debug   Library Name

      2582        114          0          4          0        840   mc_p.l
      1832         28          0          0          0       1384   mf_p.l

    ----------------------------------------------------------------------
      4418        142          0          4          0       2224   Library Totals

    ----------------------------------------------------------------------

==============================================================================


      Code (inc. data)   RO Data    RW Data    ZI Data      Debug   

      8880        526        264         16        512     213927   Grand Totals
      8880        526        264         16        512     213927   ELF Image Totals
      8880        526        264         16          0          0   ROM Totals

==============================================================================

    Total RO  Size (Code + RO Data)                 9144 (   8.93kB)
    Total RW  Size (RW Data + ZI Data)               528 (   0.52kB)
    Total ROM Size (Code + RO Data + RW Data)       9160 (   8.95kB)

==============================================================================

